[tom@localhost tmp]$ tar xf freetype-2.10.0.tar.bz2 
[tom@localhost tmp]$ cd freetype-2.10.0/
[tom@localhost freetype-2.10.0]$ export PATH=/home/tom/projects/external/android-ndk-16/bin:$PATH
[tom@localhost freetype-2.10.0]$ export CFLAGS="-std=gnu99 -fPIE -fPIC"
[tom@localhost freetype-2.10.0]$ export LDFLAGS="-pie"
[tom@localhost freetype-2.10.0]$ ./configure \
>     --host=arm-linux-androideabi \
>     --prefix=/freetype \
>     --without-zlib \
>     --without-bzip2 \
>     --without-png \
>     --without-harfbuzz

FreeType build system -- automatic system detection

The following settings are used:

  platform                    unix
  compiler                    cc
  configuration directory     ./builds/unix
  configuration rules         ./builds/unix/unix.mk

If this does not correspond to your system or settings please remove the file
`config.mk' from this directory then read the INSTALL file for help.

Otherwise, simply type `make' again to build the library,
or `make refdoc' to build the API reference (this needs python >= 2.6).

Generating modules list in ./objs/ftmodule.h...
done.
* module: truetype  (Windows/Mac font files with extension *.ttf or *.ttc)
* module: type1     (Postscript font files with extension *.pfa or *.pfb)
* module: cff       (OpenType fonts with extension *.otf)
* module: cid       (Postscript CID-keyed fonts, no known extension)
* module: pfr       (PFR/TrueDoc font files with extension *.pfr)
* module: type42    (Type 42 font files with no known extension)
* module: winfnt    (Windows bitmap fonts with extension *.fnt or *.fon)
* module: pcf       (pcf bitmap fonts)
* module: bdf       (bdf bitmap fonts)
* module: sfnt      (helper module for TrueType & OpenType formats)
* module: autofit   (automatic hinting module)
* module: pshinter  (Postscript hinter module)
* module: raster    (monochrome bitmap renderer)
* module: smooth    (anti-aliased bitmap renderer)
* module: smooth    (anti-aliased bitmap renderer for LCDs)
* module: smooth    (anti-aliased bitmap renderer for vertical LCDs)
* module: psaux     (Postscript Type 1 & Type 2 helper module)
* module: psnames   (Postscript & Unicode Glyph name handling)
cd builds/unix; \
        ./configure  '--host=arm-linux-androideabi' '--prefix=/freetype' '--without-zlib' '--without-bzip2' '--without-png' '--without-harfbuzz'
checking build system type... x86_64-pc-linux-gnu
checking host system type... arm-unknown-linux-androideabi
checking for arm-linux-androideabi-gcc... arm-linux-androideabi-gcc
checking whether the C compiler works... yes
checking for C compiler default output file name... a.out
checking for suffix of executables... 
checking whether we are cross compiling... yes
checking for suffix of object files... o
checking whether we are using the GNU C compiler... yes
checking whether arm-linux-androideabi-gcc accepts -g... yes
checking for arm-linux-androideabi-gcc option to accept ISO C89... none needed
checking how to run the C preprocessor... arm-linux-androideabi-gcc -E
checking for arm-linux-androideabi-pkg-config... no
checking for pkg-config... /usr/bin/pkg-config
configure: WARNING: using cross tools not prefixed with host triplet
checking pkg-config is at least version 0.24... yes
checking how to print strings... printf
checking for a sed that does not truncate output... /usr/bin/sed
checking for grep that handles long lines and -e... /usr/bin/grep
checking for egrep... /usr/bin/grep -E
checking for fgrep... /usr/bin/grep -F
checking for ld used by arm-linux-androideabi-gcc... /home/tom/projects/external/android-ndk-16/arm-linux-androideabi/bin/ld
checking if the linker (/home/tom/projects/external/android-ndk-16/arm-linux-androideabi/bin/ld) is GNU ld... yes
checking for BSD- or MS-compatible name lister (nm)... /home/tom/projects/external/android-ndk-16/bin/arm-linux-androideabi-nm -B
checking the name lister (/home/tom/projects/external/android-ndk-16/bin/arm-linux-androideabi-nm -B) interface... BSD nm
checking whether ln -s works... yes
checking the maximum length of command line arguments... 1572864
checking how to convert x86_64-pc-linux-gnu file names to arm-unknown-linux-androideabi format... func_convert_file_noop
checking how to convert x86_64-pc-linux-gnu file names to toolchain format... func_convert_file_noop
checking for /home/tom/projects/external/android-ndk-16/arm-linux-androideabi/bin/ld option to reload object files... -r
checking for arm-linux-androideabi-objdump... arm-linux-androideabi-objdump
checking how to recognize dependent libraries... pass_all
checking for arm-linux-androideabi-dlltool... no
checking for dlltool... no
checking how to associate runtime and link libraries... printf %s\n
checking for arm-linux-androideabi-ar... arm-linux-androideabi-ar
checking for archiver @FILE support... @
checking for arm-linux-androideabi-strip... arm-linux-androideabi-strip
checking for arm-linux-androideabi-ranlib... arm-linux-androideabi-ranlib
checking for gawk... gawk
checking command to parse /home/tom/projects/external/android-ndk-16/bin/arm-linux-androideabi-nm -B output from arm-linux-androideabi-gcc object... ok
checking for sysroot... no
checking for a working dd... /usr/bin/dd
checking how to truncate binary pipes... /usr/bin/dd bs=4096 count=1
checking for arm-linux-androideabi-mt... no
checking for mt... no
checking if : is a manifest tool... no
checking for ANSI C header files... yes
checking for sys/types.h... yes
checking for sys/stat.h... yes
checking for stdlib.h... yes
checking for string.h... yes
checking for memory.h... yes
checking for strings.h... yes
checking for inttypes.h... yes
checking for stdint.h... yes
checking for unistd.h... yes
checking for dlfcn.h... yes
checking for objdir... .libs
checking if arm-linux-androideabi-gcc supports -fno-rtti -fno-exceptions... yes
checking for arm-linux-androideabi-gcc option to produce PIC... -fPIC -DPIC
checking if arm-linux-androideabi-gcc PIC flag -fPIC -DPIC works... yes
checking if arm-linux-androideabi-gcc static flag -static works... no
checking if arm-linux-androideabi-gcc supports -c -o file.o... yes
checking if arm-linux-androideabi-gcc supports -c -o file.o... (cached) yes
checking whether the arm-linux-androideabi-gcc linker (/home/tom/projects/external/android-ndk-16/arm-linux-androideabi/bin/ld) supports shared libraries... yes
checking whether -lc should be explicitly linked in... no
checking dynamic linker characteristics... Android linker
checking how to hardcode library paths into programs... immediate
checking whether stripping libraries is possible... yes
checking if libtool supports shared libraries... yes
checking whether to build shared libraries... yes
checking whether to build static libraries... yes
checking windows.h usability... no
checking windows.h presence... no
checking for windows.h... no
checking for x86_64-pc-linux-gnu-gcc... no
checking for gcc... gcc
checking for gcc... (cached) gcc
checking for suffix of native executables... 
checking for a BSD-compatible install... /usr/bin/install -c
checking for a thread-safe mkdir -p... /usr/bin/mkdir -p
checking for ANSI C header files... (cached) yes
checking fcntl.h usability... yes
checking fcntl.h presence... yes
checking for fcntl.h... yes
checking for unistd.h... (cached) yes
checking for an ANSI C-conforming const... yes
checking size of int... 4
checking size of long... 4
checking for unsigned long long int... yes
checking for long long int... yes
checking whether cpp computation of bit length in ftconfig.in works... yes
checking for special C compiler options needed for large files... no
checking for _FILE_OFFSET_BITS value needed for large files... 64
checking for stdlib.h... (cached) yes
checking for unistd.h... (cached) yes
checking for sys/param.h... yes
checking for getpagesize... no
checking for working mmap... no
checking for memcpy... yes
checking for memmove... yes
checking gcc compiler flag -pedantic to assure ANSI C works correctly... ok, adding to XX_ANSIFLAGS
checking gcc compiler flag -ansi to assure ANSI C works correctly... ok, adding to XX_ANSIFLAGS
checking for -fvisibility=hidden compiler flag... yes
checking for library containing clock_gettime... none required
checking for python3... python3
checking for pip3... pip3
checking for `docwriter' Python module... no
configure: creating ./config.status
config.status: creating ftoption.h
config.status: creating unix-cc.mk
config.status: creating unix-def.mk
config.status: creating ftconfig.h
config.status: executing libtool commands
configure:

Library configuration:
  external zlib: no
  bzip2:         no
  libpng:        no
  harfbuzz:      no

configure:
  Warning: `make refdoc' will fail since pip package `docwriter' is not
  installed.  To install, run `pip3 install docwriter', or to use a python
  virtual environment, run `make refdoc-venv' (requires pip package
  `virtualenv').
  
[tom@localhost freetype-2.10.0]$ make -j1
./builds/unix/libtool --mode=compile arm-linux-androideabi-gcc -pedantic -ansi -I/home/tom/projects/external/android-freetype2/tmp/freetype-2.10.0/objs -I./builds/unix -I/home/tom/projects/external/android-freetype2/tmp/freetype-2.10.0/include  -c -Wall -std=gnu99 -fPIE -fPIC -fvisibility=hidden -DFT_CONFIG_CONFIG_H="<ftconfig.h>" -DFT2_BUILD_LIBRARY -DFT_CONFIG_MODULES_H="<ftmodule.h>" -DFT_CONFIG_OPTIONS_H="<ftoption.h>" -o /home/tom/projects/external/android-freetype2/tmp/freetype-2.10.0/objs/ftsystem.lo /home/tom/projects/external/android-freetype2/tmp/freetype-2.10.0/src/base/ftsystem.c
libtool: compile:  arm-linux-androideabi-gcc -pedantic -ansi -I/home/tom/projects/external/android-freetype2/tmp/freetype-2.10.0/objs -I./builds/unix -I/home/tom/projects/external/android-freetype2/tmp/freetype-2.10.0/include -c -Wall -std=gnu99 -fPIC -fvisibility=hidden "-DFT_CONFIG_CONFIG_H=<ftconfig.h>" -DFT2_BUILD_LIBRARY "-DFT_CONFIG_MODULES_H=<ftmodule.h>" "-DFT_CONFIG_OPTIONS_H=<ftoption.h>" /home/tom/projects/external/android-freetype2/tmp/freetype-2.10.0/src/base/ftsystem.c  -fPIC -DPIC -o /home/tom/projects/external/android-freetype2/tmp/freetype-2.10.0/objs/.libs/ftsystem.o
libtool: compile:  arm-linux-androideabi-gcc -pedantic -ansi -I/home/tom/projects/external/android-freetype2/tmp/freetype-2.10.0/objs -I./builds/unix -I/home/tom/projects/external/android-freetype2/tmp/freetype-2.10.0/include -c -Wall -std=gnu99 -fPIC -fvisibility=hidden "-DFT_CONFIG_CONFIG_H=<ftconfig.h>" -DFT2_BUILD_LIBRARY "-DFT_CONFIG_MODULES_H=<ftmodule.h>" "-DFT_CONFIG_OPTIONS_H=<ftoption.h>" /home/tom/projects/external/android-freetype2/tmp/freetype-2.10.0/src/base/ftsystem.c -fPIE -o /home/tom/projects/external/android-freetype2/tmp/freetype-2.10.0/objs/ftsystem.o >/dev/null 2>&1
./builds/unix/libtool --mode=compile arm-linux-androideabi-gcc -pedantic -ansi -I/home/tom/projects/external/android-freetype2/tmp/freetype-2.10.0/objs -I./builds/unix -I/home/tom/projects/external/android-freetype2/tmp/freetype-2.10.0/include  -c -Wall -std=gnu99 -fPIE -fPIC -fvisibility=hidden -DFT_CONFIG_CONFIG_H="<ftconfig.h>" -DFT2_BUILD_LIBRARY -DFT_CONFIG_MODULES_H="<ftmodule.h>" -DFT_CONFIG_OPTIONS_H="<ftoption.h>" -o /home/tom/projects/external/android-freetype2/tmp/freetype-2.10.0/objs/ftdebug.lo /home/tom/projects/external/android-freetype2/tmp/freetype-2.10.0/src/base/ftdebug.c
libtool: compile:  arm-linux-androideabi-gcc -pedantic -ansi -I/home/tom/projects/external/android-freetype2/tmp/freetype-2.10.0/objs -I./builds/unix -I/home/tom/projects/external/android-freetype2/tmp/freetype-2.10.0/include -c -Wall -std=gnu99 -fPIC -fvisibility=hidden "-DFT_CONFIG_CONFIG_H=<ftconfig.h>" -DFT2_BUILD_LIBRARY "-DFT_CONFIG_MODULES_H=<ftmodule.h>" "-DFT_CONFIG_OPTIONS_H=<ftoption.h>" /home/tom/projects/external/android-freetype2/tmp/freetype-2.10.0/src/base/ftdebug.c  -fPIC -DPIC -o /home/tom/projects/external/android-freetype2/tmp/freetype-2.10.0/objs/.libs/ftdebug.o
libtool: compile:  arm-linux-androideabi-gcc -pedantic -ansi -I/home/tom/projects/external/android-freetype2/tmp/freetype-2.10.0/objs -I./builds/unix -I/home/tom/projects/external/android-freetype2/tmp/freetype-2.10.0/include -c -Wall -std=gnu99 -fPIC -fvisibility=hidden "-DFT_CONFIG_CONFIG_H=<ftconfig.h>" -DFT2_BUILD_LIBRARY "-DFT_CONFIG_MODULES_H=<ftmodule.h>" "-DFT_CONFIG_OPTIONS_H=<ftoption.h>" /home/tom/projects/external/android-freetype2/tmp/freetype-2.10.0/src/base/ftdebug.c -fPIE -o /home/tom/projects/external/android-freetype2/tmp/freetype-2.10.0/objs/ftdebug.o >/dev/null 2>&1
./builds/unix/libtool --mode=compile arm-linux-androideabi-gcc -pedantic -ansi -I/home/tom/projects/external/android-freetype2/tmp/freetype-2.10.0/objs -I./builds/unix -I/home/tom/projects/external/android-freetype2/tmp/freetype-2.10.0/include  -c -Wall -std=gnu99 -fPIE -fPIC -fvisibility=hidden -DFT_CONFIG_CONFIG_H="<ftconfig.h>" -DFT2_BUILD_LIBRARY -DFT_CONFIG_MODULES_H="<ftmodule.h>" -DFT_CONFIG_OPTIONS_H="<ftoption.h>" -o /home/tom/projects/external/android-freetype2/tmp/freetype-2.10.0/objs/ftinit.lo /home/tom/projects/external/android-freetype2/tmp/freetype-2.10.0/src/base/ftinit.c
libtool: compile:  arm-linux-androideabi-gcc -pedantic -ansi -I/home/tom/projects/external/android-freetype2/tmp/freetype-2.10.0/objs -I./builds/unix -I/home/tom/projects/external/android-freetype2/tmp/freetype-2.10.0/include -c -Wall -std=gnu99 -fPIC -fvisibility=hidden "-DFT_CONFIG_CONFIG_H=<ftconfig.h>" -DFT2_BUILD_LIBRARY "-DFT_CONFIG_MODULES_H=<ftmodule.h>" "-DFT_CONFIG_OPTIONS_H=<ftoption.h>" /home/tom/projects/external/android-freetype2/tmp/freetype-2.10.0/src/base/ftinit.c  -fPIC -DPIC -o /home/tom/projects/external/android-freetype2/tmp/freetype-2.10.0/objs/.libs/ftinit.o
libtool: compile:  arm-linux-androideabi-gcc -pedantic -ansi -I/home/tom/projects/external/android-freetype2/tmp/freetype-2.10.0/objs -I./builds/unix -I/home/tom/projects/external/android-freetype2/tmp/freetype-2.10.0/include -c -Wall -std=gnu99 -fPIC -fvisibility=hidden "-DFT_CONFIG_CONFIG_H=<ftconfig.h>" -DFT2_BUILD_LIBRARY "-DFT_CONFIG_MODULES_H=<ftmodule.h>" "-DFT_CONFIG_OPTIONS_H=<ftoption.h>" /home/tom/projects/external/android-freetype2/tmp/freetype-2.10.0/src/base/ftinit.c -fPIE -o /home/tom/projects/external/android-freetype2/tmp/freetype-2.10.0/objs/ftinit.o >/dev/null 2>&1
./builds/unix/libtool --mode=compile arm-linux-androideabi-gcc -pedantic -ansi -I/home/tom/projects/external/android-freetype2/tmp/freetype-2.10.0/src/base -I/home/tom/projects/external/android-freetype2/tmp/freetype-2.10.0/objs -I./builds/unix -I/home/tom/projects/external/android-freetype2/tmp/freetype-2.10.0/include  -c -Wall -std=gnu99 -fPIE -fPIC -fvisibility=hidden -DFT_CONFIG_CONFIG_H="<ftconfig.h>" -DFT2_BUILD_LIBRARY -DFT_CONFIG_MODULES_H="<ftmodule.h>" -DFT_CONFIG_OPTIONS_H="<ftoption.h>" -o /home/tom/projects/external/android-freetype2/tmp/freetype-2.10.0/objs/ftbase.lo /home/tom/projects/external/android-freetype2/tmp/freetype-2.10.0/src/base/ftbase.c
libtool: compile:  arm-linux-androideabi-gcc -pedantic -ansi -I/home/tom/projects/external/android-freetype2/tmp/freetype-2.10.0/src/base -I/home/tom/projects/external/android-freetype2/tmp/freetype-2.10.0/objs -I./builds/unix -I/home/tom/projects/external/android-freetype2/tmp/freetype-2.10.0/include -c -Wall -std=gnu99 -fPIC -fvisibility=hidden "-DFT_CONFIG_CONFIG_H=<ftconfig.h>" -DFT2_BUILD_LIBRARY "-DFT_CONFIG_MODULES_H=<ftmodule.h>" "-DFT_CONFIG_OPTIONS_H=<ftoption.h>" /home/tom/projects/external/android-freetype2/tmp/freetype-2.10.0/src/base/ftbase.c  -fPIC -DPIC -o /home/tom/projects/external/android-freetype2/tmp/freetype-2.10.0/objs/.libs/ftbase.o
libtool: compile:  arm-linux-androideabi-gcc -pedantic -ansi -I/home/tom/projects/external/android-freetype2/tmp/freetype-2.10.0/src/base -I/home/tom/projects/external/android-freetype2/tmp/freetype-2.10.0/objs -I./builds/unix -I/home/tom/projects/external/android-freetype2/tmp/freetype-2.10.0/include -c -Wall -std=gnu99 -fPIC -fvisibility=hidden "-DFT_CONFIG_CONFIG_H=<ftconfig.h>" -DFT2_BUILD_LIBRARY "-DFT_CONFIG_MODULES_H=<ftmodule.h>" "-DFT_CONFIG_OPTIONS_H=<ftoption.h>" /home/tom/projects/external/android-freetype2/tmp/freetype-2.10.0/src/base/ftbase.c -fPIE -o /home/tom/projects/external/android-freetype2/tmp/freetype-2.10.0/objs/ftbase.o >/dev/null 2>&1
./builds/unix/libtool --mode=compile arm-linux-androideabi-gcc -pedantic -ansi -I/home/tom/projects/external/android-freetype2/tmp/freetype-2.10.0/src/base -I/home/tom/projects/external/android-freetype2/tmp/freetype-2.10.0/objs -I./builds/unix -I/home/tom/projects/external/android-freetype2/tmp/freetype-2.10.0/include  -c -Wall -std=gnu99 -fPIE -fPIC -fvisibility=hidden -DFT_CONFIG_CONFIG_H="<ftconfig.h>" -DFT2_BUILD_LIBRARY -DFT_CONFIG_MODULES_H="<ftmodule.h>" -DFT_CONFIG_OPTIONS_H="<ftoption.h>" -o /home/tom/projects/external/android-freetype2/tmp/freetype-2.10.0/objs/ftbbox.lo /home/tom/projects/external/android-freetype2/tmp/freetype-2.10.0/src/base/ftbbox.c
libtool: compile:  arm-linux-androideabi-gcc -pedantic -ansi -I/home/tom/projects/external/android-freetype2/tmp/freetype-2.10.0/src/base -I/home/tom/projects/external/android-freetype2/tmp/freetype-2.10.0/objs -I./builds/unix -I/home/tom/projects/external/android-freetype2/tmp/freetype-2.10.0/include -c -Wall -std=gnu99 -fPIC -fvisibility=hidden "-DFT_CONFIG_CONFIG_H=<ftconfig.h>" -DFT2_BUILD_LIBRARY "-DFT_CONFIG_MODULES_H=<ftmodule.h>" "-DFT_CONFIG_OPTIONS_H=<ftoption.h>" /home/tom/projects/external/android-freetype2/tmp/freetype-2.10.0/src/base/ftbbox.c  -fPIC -DPIC -o /home/tom/projects/external/android-freetype2/tmp/freetype-2.10.0/objs/.libs/ftbbox.o
libtool: compile:  arm-linux-androideabi-gcc -pedantic -ansi -I/home/tom/projects/external/android-freetype2/tmp/freetype-2.10.0/src/base -I/home/tom/projects/external/android-freetype2/tmp/freetype-2.10.0/objs -I./builds/unix -I/home/tom/projects/external/android-freetype2/tmp/freetype-2.10.0/include -c -Wall -std=gnu99 -fPIC -fvisibility=hidden "-DFT_CONFIG_CONFIG_H=<ftconfig.h>" -DFT2_BUILD_LIBRARY "-DFT_CONFIG_MODULES_H=<ftmodule.h>" "-DFT_CONFIG_OPTIONS_H=<ftoption.h>" /home/tom/projects/external/android-freetype2/tmp/freetype-2.10.0/src/base/ftbbox.c -fPIE -o /home/tom/projects/external/android-freetype2/tmp/freetype-2.10.0/objs/ftbbox.o >/dev/null 2>&1
./builds/unix/libtool --mode=compile arm-linux-androideabi-gcc -pedantic -ansi -I/home/tom/projects/external/android-freetype2/tmp/freetype-2.10.0/src/base -I/home/tom/projects/external/android-freetype2/tmp/freetype-2.10.0/objs -I./builds/unix -I/home/tom/projects/external/android-freetype2/tmp/freetype-2.10.0/include  -c -Wall -std=gnu99 -fPIE -fPIC -fvisibility=hidden -DFT_CONFIG_CONFIG_H="<ftconfig.h>" -DFT2_BUILD_LIBRARY -DFT_CONFIG_MODULES_H="<ftmodule.h>" -DFT_CONFIG_OPTIONS_H="<ftoption.h>" -o /home/tom/projects/external/android-freetype2/tmp/freetype-2.10.0/objs/ftbdf.lo /home/tom/projects/external/android-freetype2/tmp/freetype-2.10.0/src/base/ftbdf.c
libtool: compile:  arm-linux-androideabi-gcc -pedantic -ansi -I/home/tom/projects/external/android-freetype2/tmp/freetype-2.10.0/src/base -I/home/tom/projects/external/android-freetype2/tmp/freetype-2.10.0/objs -I./builds/unix -I/home/tom/projects/external/android-freetype2/tmp/freetype-2.10.0/include -c -Wall -std=gnu99 -fPIC -fvisibility=hidden "-DFT_CONFIG_CONFIG_H=<ftconfig.h>" -DFT2_BUILD_LIBRARY "-DFT_CONFIG_MODULES_H=<ftmodule.h>" "-DFT_CONFIG_OPTIONS_H=<ftoption.h>" /home/tom/projects/external/android-freetype2/tmp/freetype-2.10.0/src/base/ftbdf.c  -fPIC -DPIC -o /home/tom/projects/external/android-freetype2/tmp/freetype-2.10.0/objs/.libs/ftbdf.o
libtool: compile:  arm-linux-androideabi-gcc -pedantic -ansi -I/home/tom/projects/external/android-freetype2/tmp/freetype-2.10.0/src/base -I/home/tom/projects/external/android-freetype2/tmp/freetype-2.10.0/objs -I./builds/unix -I/home/tom/projects/external/android-freetype2/tmp/freetype-2.10.0/include -c -Wall -std=gnu99 -fPIC -fvisibility=hidden "-DFT_CONFIG_CONFIG_H=<ftconfig.h>" -DFT2_BUILD_LIBRARY "-DFT_CONFIG_MODULES_H=<ftmodule.h>" "-DFT_CONFIG_OPTIONS_H=<ftoption.h>" /home/tom/projects/external/android-freetype2/tmp/freetype-2.10.0/src/base/ftbdf.c -fPIE -o /home/tom/projects/external/android-freetype2/tmp/freetype-2.10.0/objs/ftbdf.o >/dev/null 2>&1
./builds/unix/libtool --mode=compile arm-linux-androideabi-gcc -pedantic -ansi -I/home/tom/projects/external/android-freetype2/tmp/freetype-2.10.0/src/base -I/home/tom/projects/external/android-freetype2/tmp/freetype-2.10.0/objs -I./builds/unix -I/home/tom/projects/external/android-freetype2/tmp/freetype-2.10.0/include  -c -Wall -std=gnu99 -fPIE -fPIC -fvisibility=hidden -DFT_CONFIG_CONFIG_H="<ftconfig.h>" -DFT2_BUILD_LIBRARY -DFT_CONFIG_MODULES_H="<ftmodule.h>" -DFT_CONFIG_OPTIONS_H="<ftoption.h>" -o /home/tom/projects/external/android-freetype2/tmp/freetype-2.10.0/objs/ftbitmap.lo /home/tom/projects/external/android-freetype2/tmp/freetype-2.10.0/src/base/ftbitmap.c
libtool: compile:  arm-linux-androideabi-gcc -pedantic -ansi -I/home/tom/projects/external/android-freetype2/tmp/freetype-2.10.0/src/base -I/home/tom/projects/external/android-freetype2/tmp/freetype-2.10.0/objs -I./builds/unix -I/home/tom/projects/external/android-freetype2/tmp/freetype-2.10.0/include -c -Wall -std=gnu99 -fPIC -fvisibility=hidden "-DFT_CONFIG_CONFIG_H=<ftconfig.h>" -DFT2_BUILD_LIBRARY "-DFT_CONFIG_MODULES_H=<ftmodule.h>" "-DFT_CONFIG_OPTIONS_H=<ftoption.h>" /home/tom/projects/external/android-freetype2/tmp/freetype-2.10.0/src/base/ftbitmap.c  -fPIC -DPIC -o /home/tom/projects/external/android-freetype2/tmp/freetype-2.10.0/objs/.libs/ftbitmap.o
libtool: compile:  arm-linux-androideabi-gcc -pedantic -ansi -I/home/tom/projects/external/android-freetype2/tmp/freetype-2.10.0/src/base -I/home/tom/projects/external/android-freetype2/tmp/freetype-2.10.0/objs -I./builds/unix -I/home/tom/projects/external/android-freetype2/tmp/freetype-2.10.0/include -c -Wall -std=gnu99 -fPIC -fvisibility=hidden "-DFT_CONFIG_CONFIG_H=<ftconfig.h>" -DFT2_BUILD_LIBRARY "-DFT_CONFIG_MODULES_H=<ftmodule.h>" "-DFT_CONFIG_OPTIONS_H=<ftoption.h>" /home/tom/projects/external/android-freetype2/tmp/freetype-2.10.0/src/base/ftbitmap.c -fPIE -o /home/tom/projects/external/android-freetype2/tmp/freetype-2.10.0/objs/ftbitmap.o >/dev/null 2>&1
./builds/unix/libtool --mode=compile arm-linux-androideabi-gcc -pedantic -ansi -I/home/tom/projects/external/android-freetype2/tmp/freetype-2.10.0/src/base -I/home/tom/projects/external/android-freetype2/tmp/freetype-2.10.0/objs -I./builds/unix -I/home/tom/projects/external/android-freetype2/tmp/freetype-2.10.0/include  -c -Wall -std=gnu99 -fPIE -fPIC -fvisibility=hidden -DFT_CONFIG_CONFIG_H="<ftconfig.h>" -DFT2_BUILD_LIBRARY -DFT_CONFIG_MODULES_H="<ftmodule.h>" -DFT_CONFIG_OPTIONS_H="<ftoption.h>" -o /home/tom/projects/external/android-freetype2/tmp/freetype-2.10.0/objs/ftcid.lo /home/tom/projects/external/android-freetype2/tmp/freetype-2.10.0/src/base/ftcid.c
libtool: compile:  arm-linux-androideabi-gcc -pedantic -ansi -I/home/tom/projects/external/android-freetype2/tmp/freetype-2.10.0/src/base -I/home/tom/projects/external/android-freetype2/tmp/freetype-2.10.0/objs -I./builds/unix -I/home/tom/projects/external/android-freetype2/tmp/freetype-2.10.0/include -c -Wall -std=gnu99 -fPIC -fvisibility=hidden "-DFT_CONFIG_CONFIG_H=<ftconfig.h>" -DFT2_BUILD_LIBRARY "-DFT_CONFIG_MODULES_H=<ftmodule.h>" "-DFT_CONFIG_OPTIONS_H=<ftoption.h>" /home/tom/projects/external/android-freetype2/tmp/freetype-2.10.0/src/base/ftcid.c  -fPIC -DPIC -o /home/tom/projects/external/android-freetype2/tmp/freetype-2.10.0/objs/.libs/ftcid.o
libtool: compile:  arm-linux-androideabi-gcc -pedantic -ansi -I/home/tom/projects/external/android-freetype2/tmp/freetype-2.10.0/src/base -I/home/tom/projects/external/android-freetype2/tmp/freetype-2.10.0/objs -I./builds/unix -I/home/tom/projects/external/android-freetype2/tmp/freetype-2.10.0/include -c -Wall -std=gnu99 -fPIC -fvisibility=hidden "-DFT_CONFIG_CONFIG_H=<ftconfig.h>" -DFT2_BUILD_LIBRARY "-DFT_CONFIG_MODULES_H=<ftmodule.h>" "-DFT_CONFIG_OPTIONS_H=<ftoption.h>" /home/tom/projects/external/android-freetype2/tmp/freetype-2.10.0/src/base/ftcid.c -fPIE -o /home/tom/projects/external/android-freetype2/tmp/freetype-2.10.0/objs/ftcid.o >/dev/null 2>&1
./builds/unix/libtool --mode=compile arm-linux-androideabi-gcc -pedantic -ansi -I/home/tom/projects/external/android-freetype2/tmp/freetype-2.10.0/src/base -I/home/tom/projects/external/android-freetype2/tmp/freetype-2.10.0/objs -I./builds/unix -I/home/tom/projects/external/android-freetype2/tmp/freetype-2.10.0/include  -c -Wall -std=gnu99 -fPIE -fPIC -fvisibility=hidden -DFT_CONFIG_CONFIG_H="<ftconfig.h>" -DFT2_BUILD_LIBRARY -DFT_CONFIG_MODULES_H="<ftmodule.h>" -DFT_CONFIG_OPTIONS_H="<ftoption.h>" -o /home/tom/projects/external/android-freetype2/tmp/freetype-2.10.0/objs/ftfstype.lo /home/tom/projects/external/android-freetype2/tmp/freetype-2.10.0/src/base/ftfstype.c
libtool: compile:  arm-linux-androideabi-gcc -pedantic -ansi -I/home/tom/projects/external/android-freetype2/tmp/freetype-2.10.0/src/base -I/home/tom/projects/external/android-freetype2/tmp/freetype-2.10.0/objs -I./builds/unix -I/home/tom/projects/external/android-freetype2/tmp/freetype-2.10.0/include -c -Wall -std=gnu99 -fPIC -fvisibility=hidden "-DFT_CONFIG_CONFIG_H=<ftconfig.h>" -DFT2_BUILD_LIBRARY "-DFT_CONFIG_MODULES_H=<ftmodule.h>" "-DFT_CONFIG_OPTIONS_H=<ftoption.h>" /home/tom/projects/external/android-freetype2/tmp/freetype-2.10.0/src/base/ftfstype.c  -fPIC -DPIC -o /home/tom/projects/external/android-freetype2/tmp/freetype-2.10.0/objs/.libs/ftfstype.o
libtool: compile:  arm-linux-androideabi-gcc -pedantic -ansi -I/home/tom/projects/external/android-freetype2/tmp/freetype-2.10.0/src/base -I/home/tom/projects/external/android-freetype2/tmp/freetype-2.10.0/objs -I./builds/unix -I/home/tom/projects/external/android-freetype2/tmp/freetype-2.10.0/include -c -Wall -std=gnu99 -fPIC -fvisibility=hidden "-DFT_CONFIG_CONFIG_H=<ftconfig.h>" -DFT2_BUILD_LIBRARY "-DFT_CONFIG_MODULES_H=<ftmodule.h>" "-DFT_CONFIG_OPTIONS_H=<ftoption.h>" /home/tom/projects/external/android-freetype2/tmp/freetype-2.10.0/src/base/ftfstype.c -fPIE -o /home/tom/projects/external/android-freetype2/tmp/freetype-2.10.0/objs/ftfstype.o >/dev/null 2>&1
./builds/unix/libtool --mode=compile arm-linux-androideabi-gcc -pedantic -ansi -I/home/tom/projects/external/android-freetype2/tmp/freetype-2.10.0/src/base -I/home/tom/projects/external/android-freetype2/tmp/freetype-2.10.0/objs -I./builds/unix -I/home/tom/projects/external/android-freetype2/tmp/freetype-2.10.0/include  -c -Wall -std=gnu99 -fPIE -fPIC -fvisibility=hidden -DFT_CONFIG_CONFIG_H="<ftconfig.h>" -DFT2_BUILD_LIBRARY -DFT_CONFIG_MODULES_H="<ftmodule.h>" -DFT_CONFIG_OPTIONS_H="<ftoption.h>" -o /home/tom/projects/external/android-freetype2/tmp/freetype-2.10.0/objs/ftgasp.lo /home/tom/projects/external/android-freetype2/tmp/freetype-2.10.0/src/base/ftgasp.c
libtool: compile:  arm-linux-androideabi-gcc -pedantic -ansi -I/home/tom/projects/external/android-freetype2/tmp/freetype-2.10.0/src/base -I/home/tom/projects/external/android-freetype2/tmp/freetype-2.10.0/objs -I./builds/unix -I/home/tom/projects/external/android-freetype2/tmp/freetype-2.10.0/include -c -Wall -std=gnu99 -fPIC -fvisibility=hidden "-DFT_CONFIG_CONFIG_H=<ftconfig.h>" -DFT2_BUILD_LIBRARY "-DFT_CONFIG_MODULES_H=<ftmodule.h>" "-DFT_CONFIG_OPTIONS_H=<ftoption.h>" /home/tom/projects/external/android-freetype2/tmp/freetype-2.10.0/src/base/ftgasp.c  -fPIC -DPIC -o /home/tom/projects/external/android-freetype2/tmp/freetype-2.10.0/objs/.libs/ftgasp.o
libtool: compile:  arm-linux-androideabi-gcc -pedantic -ansi -I/home/tom/projects/external/android-freetype2/tmp/freetype-2.10.0/src/base -I/home/tom/projects/external/android-freetype2/tmp/freetype-2.10.0/objs -I./builds/unix -I/home/tom/projects/external/android-freetype2/tmp/freetype-2.10.0/include -c -Wall -std=gnu99 -fPIC -fvisibility=hidden "-DFT_CONFIG_CONFIG_H=<ftconfig.h>" -DFT2_BUILD_LIBRARY "-DFT_CONFIG_MODULES_H=<ftmodule.h>" "-DFT_CONFIG_OPTIONS_H=<ftoption.h>" /home/tom/projects/external/android-freetype2/tmp/freetype-2.10.0/src/base/ftgasp.c -fPIE -o /home/tom/projects/external/android-freetype2/tmp/freetype-2.10.0/objs/ftgasp.o >/dev/null 2>&1
./builds/unix/libtool --mode=compile arm-linux-androideabi-gcc -pedantic -ansi -I/home/tom/projects/external/android-freetype2/tmp/freetype-2.10.0/src/base -I/home/tom/projects/external/android-freetype2/tmp/freetype-2.10.0/objs -I./builds/unix -I/home/tom/projects/external/android-freetype2/tmp/freetype-2.10.0/include  -c -Wall -std=gnu99 -fPIE -fPIC -fvisibility=hidden -DFT_CONFIG_CONFIG_H="<ftconfig.h>" -DFT2_BUILD_LIBRARY -DFT_CONFIG_MODULES_H="<ftmodule.h>" -DFT_CONFIG_OPTIONS_H="<ftoption.h>" -o /home/tom/projects/external/android-freetype2/tmp/freetype-2.10.0/objs/ftglyph.lo /home/tom/projects/external/android-freetype2/tmp/freetype-2.10.0/src/base/ftglyph.c
libtool: compile:  arm-linux-androideabi-gcc -pedantic -ansi -I/home/tom/projects/external/android-freetype2/tmp/freetype-2.10.0/src/base -I/home/tom/projects/external/android-freetype2/tmp/freetype-2.10.0/objs -I./builds/unix -I/home/tom/projects/external/android-freetype2/tmp/freetype-2.10.0/include -c -Wall -std=gnu99 -fPIC -fvisibility=hidden "-DFT_CONFIG_CONFIG_H=<ftconfig.h>" -DFT2_BUILD_LIBRARY "-DFT_CONFIG_MODULES_H=<ftmodule.h>" "-DFT_CONFIG_OPTIONS_H=<ftoption.h>" /home/tom/projects/external/android-freetype2/tmp/freetype-2.10.0/src/base/ftglyph.c  -fPIC -DPIC -o /home/tom/projects/external/android-freetype2/tmp/freetype-2.10.0/objs/.libs/ftglyph.o
libtool: compile:  arm-linux-androideabi-gcc -pedantic -ansi -I/home/tom/projects/external/android-freetype2/tmp/freetype-2.10.0/src/base -I/home/tom/projects/external/android-freetype2/tmp/freetype-2.10.0/objs -I./builds/unix -I/home/tom/projects/external/android-freetype2/tmp/freetype-2.10.0/include -c -Wall -std=gnu99 -fPIC -fvisibility=hidden "-DFT_CONFIG_CONFIG_H=<ftconfig.h>" -DFT2_BUILD_LIBRARY "-DFT_CONFIG_MODULES_H=<ftmodule.h>" "-DFT_CONFIG_OPTIONS_H=<ftoption.h>" /home/tom/projects/external/android-freetype2/tmp/freetype-2.10.0/src/base/ftglyph.c -fPIE -o /home/tom/projects/external/android-freetype2/tmp/freetype-2.10.0/objs/ftglyph.o >/dev/null 2>&1
./builds/unix/libtool --mode=compile arm-linux-androideabi-gcc -pedantic -ansi -I/home/tom/projects/external/android-freetype2/tmp/freetype-2.10.0/src/base -I/home/tom/projects/external/android-freetype2/tmp/freetype-2.10.0/objs -I./builds/unix -I/home/tom/projects/external/android-freetype2/tmp/freetype-2.10.0/include  -c -Wall -std=gnu99 -fPIE -fPIC -fvisibility=hidden -DFT_CONFIG_CONFIG_H="<ftconfig.h>" -DFT2_BUILD_LIBRARY -DFT_CONFIG_MODULES_H="<ftmodule.h>" -DFT_CONFIG_OPTIONS_H="<ftoption.h>" -o /home/tom/projects/external/android-freetype2/tmp/freetype-2.10.0/objs/ftgxval.lo /home/tom/projects/external/android-freetype2/tmp/freetype-2.10.0/src/base/ftgxval.c
libtool: compile:  arm-linux-androideabi-gcc -pedantic -ansi -I/home/tom/projects/external/android-freetype2/tmp/freetype-2.10.0/src/base -I/home/tom/projects/external/android-freetype2/tmp/freetype-2.10.0/objs -I./builds/unix -I/home/tom/projects/external/android-freetype2/tmp/freetype-2.10.0/include -c -Wall -std=gnu99 -fPIC -fvisibility=hidden "-DFT_CONFIG_CONFIG_H=<ftconfig.h>" -DFT2_BUILD_LIBRARY "-DFT_CONFIG_MODULES_H=<ftmodule.h>" "-DFT_CONFIG_OPTIONS_H=<ftoption.h>" /home/tom/projects/external/android-freetype2/tmp/freetype-2.10.0/src/base/ftgxval.c  -fPIC -DPIC -o /home/tom/projects/external/android-freetype2/tmp/freetype-2.10.0/objs/.libs/ftgxval.o
libtool: compile:  arm-linux-androideabi-gcc -pedantic -ansi -I/home/tom/projects/external/android-freetype2/tmp/freetype-2.10.0/src/base -I/home/tom/projects/external/android-freetype2/tmp/freetype-2.10.0/objs -I./builds/unix -I/home/tom/projects/external/android-freetype2/tmp/freetype-2.10.0/include -c -Wall -std=gnu99 -fPIC -fvisibility=hidden "-DFT_CONFIG_CONFIG_H=<ftconfig.h>" -DFT2_BUILD_LIBRARY "-DFT_CONFIG_MODULES_H=<ftmodule.h>" "-DFT_CONFIG_OPTIONS_H=<ftoption.h>" /home/tom/projects/external/android-freetype2/tmp/freetype-2.10.0/src/base/ftgxval.c -fPIE -o /home/tom/projects/external/android-freetype2/tmp/freetype-2.10.0/objs/ftgxval.o >/dev/null 2>&1
./builds/unix/libtool --mode=compile arm-linux-androideabi-gcc -pedantic -ansi -I/home/tom/projects/external/android-freetype2/tmp/freetype-2.10.0/src/base -I/home/tom/projects/external/android-freetype2/tmp/freetype-2.10.0/objs -I./builds/unix -I/home/tom/projects/external/android-freetype2/tmp/freetype-2.10.0/include  -c -Wall -std=gnu99 -fPIE -fPIC -fvisibility=hidden -DFT_CONFIG_CONFIG_H="<ftconfig.h>" -DFT2_BUILD_LIBRARY -DFT_CONFIG_MODULES_H="<ftmodule.h>" -DFT_CONFIG_OPTIONS_H="<ftoption.h>" -o /home/tom/projects/external/android-freetype2/tmp/freetype-2.10.0/objs/ftmm.lo /home/tom/projects/external/android-freetype2/tmp/freetype-2.10.0/src/base/ftmm.c
libtool: compile:  arm-linux-androideabi-gcc -pedantic -ansi -I/home/tom/projects/external/android-freetype2/tmp/freetype-2.10.0/src/base -I/home/tom/projects/external/android-freetype2/tmp/freetype-2.10.0/objs -I./builds/unix -I/home/tom/projects/external/android-freetype2/tmp/freetype-2.10.0/include -c -Wall -std=gnu99 -fPIC -fvisibility=hidden "-DFT_CONFIG_CONFIG_H=<ftconfig.h>" -DFT2_BUILD_LIBRARY "-DFT_CONFIG_MODULES_H=<ftmodule.h>" "-DFT_CONFIG_OPTIONS_H=<ftoption.h>" /home/tom/projects/external/android-freetype2/tmp/freetype-2.10.0/src/base/ftmm.c  -fPIC -DPIC -o /home/tom/projects/external/android-freetype2/tmp/freetype-2.10.0/objs/.libs/ftmm.o
libtool: compile:  arm-linux-androideabi-gcc -pedantic -ansi -I/home/tom/projects/external/android-freetype2/tmp/freetype-2.10.0/src/base -I/home/tom/projects/external/android-freetype2/tmp/freetype-2.10.0/objs -I./builds/unix -I/home/tom/projects/external/android-freetype2/tmp/freetype-2.10.0/include -c -Wall -std=gnu99 -fPIC -fvisibility=hidden "-DFT_CONFIG_CONFIG_H=<ftconfig.h>" -DFT2_BUILD_LIBRARY "-DFT_CONFIG_MODULES_H=<ftmodule.h>" "-DFT_CONFIG_OPTIONS_H=<ftoption.h>" /home/tom/projects/external/android-freetype2/tmp/freetype-2.10.0/src/base/ftmm.c -fPIE -o /home/tom/projects/external/android-freetype2/tmp/freetype-2.10.0/objs/ftmm.o >/dev/null 2>&1
./builds/unix/libtool --mode=compile arm-linux-androideabi-gcc -pedantic -ansi -I/home/tom/projects/external/android-freetype2/tmp/freetype-2.10.0/src/base -I/home/tom/projects/external/android-freetype2/tmp/freetype-2.10.0/objs -I./builds/unix -I/home/tom/projects/external/android-freetype2/tmp/freetype-2.10.0/include  -c -Wall -std=gnu99 -fPIE -fPIC -fvisibility=hidden -DFT_CONFIG_CONFIG_H="<ftconfig.h>" -DFT2_BUILD_LIBRARY -DFT_CONFIG_MODULES_H="<ftmodule.h>" -DFT_CONFIG_OPTIONS_H="<ftoption.h>" -o /home/tom/projects/external/android-freetype2/tmp/freetype-2.10.0/objs/ftotval.lo /home/tom/projects/external/android-freetype2/tmp/freetype-2.10.0/src/base/ftotval.c
libtool: compile:  arm-linux-androideabi-gcc -pedantic -ansi -I/home/tom/projects/external/android-freetype2/tmp/freetype-2.10.0/src/base -I/home/tom/projects/external/android-freetype2/tmp/freetype-2.10.0/objs -I./builds/unix -I/home/tom/projects/external/android-freetype2/tmp/freetype-2.10.0/include -c -Wall -std=gnu99 -fPIC -fvisibility=hidden "-DFT_CONFIG_CONFIG_H=<ftconfig.h>" -DFT2_BUILD_LIBRARY "-DFT_CONFIG_MODULES_H=<ftmodule.h>" "-DFT_CONFIG_OPTIONS_H=<ftoption.h>" /home/tom/projects/external/android-freetype2/tmp/freetype-2.10.0/src/base/ftotval.c  -fPIC -DPIC -o /home/tom/projects/external/android-freetype2/tmp/freetype-2.10.0/objs/.libs/ftotval.o
libtool: compile:  arm-linux-androideabi-gcc -pedantic -ansi -I/home/tom/projects/external/android-freetype2/tmp/freetype-2.10.0/src/base -I/home/tom/projects/external/android-freetype2/tmp/freetype-2.10.0/objs -I./builds/unix -I/home/tom/projects/external/android-freetype2/tmp/freetype-2.10.0/include -c -Wall -std=gnu99 -fPIC -fvisibility=hidden "-DFT_CONFIG_CONFIG_H=<ftconfig.h>" -DFT2_BUILD_LIBRARY "-DFT_CONFIG_MODULES_H=<ftmodule.h>" "-DFT_CONFIG_OPTIONS_H=<ftoption.h>" /home/tom/projects/external/android-freetype2/tmp/freetype-2.10.0/src/base/ftotval.c -fPIE -o /home/tom/projects/external/android-freetype2/tmp/freetype-2.10.0/objs/ftotval.o >/dev/null 2>&1
./builds/unix/libtool --mode=compile arm-linux-androideabi-gcc -pedantic -ansi -I/home/tom/projects/external/android-freetype2/tmp/freetype-2.10.0/src/base -I/home/tom/projects/external/android-freetype2/tmp/freetype-2.10.0/objs -I./builds/unix -I/home/tom/projects/external/android-freetype2/tmp/freetype-2.10.0/include  -c -Wall -std=gnu99 -fPIE -fPIC -fvisibility=hidden -DFT_CONFIG_CONFIG_H="<ftconfig.h>" -DFT2_BUILD_LIBRARY -DFT_CONFIG_MODULES_H="<ftmodule.h>" -DFT_CONFIG_OPTIONS_H="<ftoption.h>" -o /home/tom/projects/external/android-freetype2/tmp/freetype-2.10.0/objs/ftpatent.lo /home/tom/projects/external/android-freetype2/tmp/freetype-2.10.0/src/base/ftpatent.c
libtool: compile:  arm-linux-androideabi-gcc -pedantic -ansi -I/home/tom/projects/external/android-freetype2/tmp/freetype-2.10.0/src/base -I/home/tom/projects/external/android-freetype2/tmp/freetype-2.10.0/objs -I./builds/unix -I/home/tom/projects/external/android-freetype2/tmp/freetype-2.10.0/include -c -Wall -std=gnu99 -fPIC -fvisibility=hidden "-DFT_CONFIG_CONFIG_H=<ftconfig.h>" -DFT2_BUILD_LIBRARY "-DFT_CONFIG_MODULES_H=<ftmodule.h>" "-DFT_CONFIG_OPTIONS_H=<ftoption.h>" /home/tom/projects/external/android-freetype2/tmp/freetype-2.10.0/src/base/ftpatent.c  -fPIC -DPIC -o /home/tom/projects/external/android-freetype2/tmp/freetype-2.10.0/objs/.libs/ftpatent.o
libtool: compile:  arm-linux-androideabi-gcc -pedantic -ansi -I/home/tom/projects/external/android-freetype2/tmp/freetype-2.10.0/src/base -I/home/tom/projects/external/android-freetype2/tmp/freetype-2.10.0/objs -I./builds/unix -I/home/tom/projects/external/android-freetype2/tmp/freetype-2.10.0/include -c -Wall -std=gnu99 -fPIC -fvisibility=hidden "-DFT_CONFIG_CONFIG_H=<ftconfig.h>" -DFT2_BUILD_LIBRARY "-DFT_CONFIG_MODULES_H=<ftmodule.h>" "-DFT_CONFIG_OPTIONS_H=<ftoption.h>" /home/tom/projects/external/android-freetype2/tmp/freetype-2.10.0/src/base/ftpatent.c -fPIE -o /home/tom/projects/external/android-freetype2/tmp/freetype-2.10.0/objs/ftpatent.o >/dev/null 2>&1
./builds/unix/libtool --mode=compile arm-linux-androideabi-gcc -pedantic -ansi -I/home/tom/projects/external/android-freetype2/tmp/freetype-2.10.0/src/base -I/home/tom/projects/external/android-freetype2/tmp/freetype-2.10.0/objs -I./builds/unix -I/home/tom/projects/external/android-freetype2/tmp/freetype-2.10.0/include  -c -Wall -std=gnu99 -fPIE -fPIC -fvisibility=hidden -DFT_CONFIG_CONFIG_H="<ftconfig.h>" -DFT2_BUILD_LIBRARY -DFT_CONFIG_MODULES_H="<ftmodule.h>" -DFT_CONFIG_OPTIONS_H="<ftoption.h>" -o /home/tom/projects/external/android-freetype2/tmp/freetype-2.10.0/objs/ftpfr.lo /home/tom/projects/external/android-freetype2/tmp/freetype-2.10.0/src/base/ftpfr.c
libtool: compile:  arm-linux-androideabi-gcc -pedantic -ansi -I/home/tom/projects/external/android-freetype2/tmp/freetype-2.10.0/src/base -I/home/tom/projects/external/android-freetype2/tmp/freetype-2.10.0/objs -I./builds/unix -I/home/tom/projects/external/android-freetype2/tmp/freetype-2.10.0/include -c -Wall -std=gnu99 -fPIC -fvisibility=hidden "-DFT_CONFIG_CONFIG_H=<ftconfig.h>" -DFT2_BUILD_LIBRARY "-DFT_CONFIG_MODULES_H=<ftmodule.h>" "-DFT_CONFIG_OPTIONS_H=<ftoption.h>" /home/tom/projects/external/android-freetype2/tmp/freetype-2.10.0/src/base/ftpfr.c  -fPIC -DPIC -o /home/tom/projects/external/android-freetype2/tmp/freetype-2.10.0/objs/.libs/ftpfr.o
libtool: compile:  arm-linux-androideabi-gcc -pedantic -ansi -I/home/tom/projects/external/android-freetype2/tmp/freetype-2.10.0/src/base -I/home/tom/projects/external/android-freetype2/tmp/freetype-2.10.0/objs -I./builds/unix -I/home/tom/projects/external/android-freetype2/tmp/freetype-2.10.0/include -c -Wall -std=gnu99 -fPIC -fvisibility=hidden "-DFT_CONFIG_CONFIG_H=<ftconfig.h>" -DFT2_BUILD_LIBRARY "-DFT_CONFIG_MODULES_H=<ftmodule.h>" "-DFT_CONFIG_OPTIONS_H=<ftoption.h>" /home/tom/projects/external/android-freetype2/tmp/freetype-2.10.0/src/base/ftpfr.c -fPIE -o /home/tom/projects/external/android-freetype2/tmp/freetype-2.10.0/objs/ftpfr.o >/dev/null 2>&1
./builds/unix/libtool --mode=compile arm-linux-androideabi-gcc -pedantic -ansi -I/home/tom/projects/external/android-freetype2/tmp/freetype-2.10.0/src/base -I/home/tom/projects/external/android-freetype2/tmp/freetype-2.10.0/objs -I./builds/unix -I/home/tom/projects/external/android-freetype2/tmp/freetype-2.10.0/include  -c -Wall -std=gnu99 -fPIE -fPIC -fvisibility=hidden -DFT_CONFIG_CONFIG_H="<ftconfig.h>" -DFT2_BUILD_LIBRARY -DFT_CONFIG_MODULES_H="<ftmodule.h>" -DFT_CONFIG_OPTIONS_H="<ftoption.h>" -o /home/tom/projects/external/android-freetype2/tmp/freetype-2.10.0/objs/ftstroke.lo /home/tom/projects/external/android-freetype2/tmp/freetype-2.10.0/src/base/ftstroke.c
libtool: compile:  arm-linux-androideabi-gcc -pedantic -ansi -I/home/tom/projects/external/android-freetype2/tmp/freetype-2.10.0/src/base -I/home/tom/projects/external/android-freetype2/tmp/freetype-2.10.0/objs -I./builds/unix -I/home/tom/projects/external/android-freetype2/tmp/freetype-2.10.0/include -c -Wall -std=gnu99 -fPIC -fvisibility=hidden "-DFT_CONFIG_CONFIG_H=<ftconfig.h>" -DFT2_BUILD_LIBRARY "-DFT_CONFIG_MODULES_H=<ftmodule.h>" "-DFT_CONFIG_OPTIONS_H=<ftoption.h>" /home/tom/projects/external/android-freetype2/tmp/freetype-2.10.0/src/base/ftstroke.c  -fPIC -DPIC -o /home/tom/projects/external/android-freetype2/tmp/freetype-2.10.0/objs/.libs/ftstroke.o
libtool: compile:  arm-linux-androideabi-gcc -pedantic -ansi -I/home/tom/projects/external/android-freetype2/tmp/freetype-2.10.0/src/base -I/home/tom/projects/external/android-freetype2/tmp/freetype-2.10.0/objs -I./builds/unix -I/home/tom/projects/external/android-freetype2/tmp/freetype-2.10.0/include -c -Wall -std=gnu99 -fPIC -fvisibility=hidden "-DFT_CONFIG_CONFIG_H=<ftconfig.h>" -DFT2_BUILD_LIBRARY "-DFT_CONFIG_MODULES_H=<ftmodule.h>" "-DFT_CONFIG_OPTIONS_H=<ftoption.h>" /home/tom/projects/external/android-freetype2/tmp/freetype-2.10.0/src/base/ftstroke.c -fPIE -o /home/tom/projects/external/android-freetype2/tmp/freetype-2.10.0/objs/ftstroke.o >/dev/null 2>&1
./builds/unix/libtool --mode=compile arm-linux-androideabi-gcc -pedantic -ansi -I/home/tom/projects/external/android-freetype2/tmp/freetype-2.10.0/src/base -I/home/tom/projects/external/android-freetype2/tmp/freetype-2.10.0/objs -I./builds/unix -I/home/tom/projects/external/android-freetype2/tmp/freetype-2.10.0/include  -c -Wall -std=gnu99 -fPIE -fPIC -fvisibility=hidden -DFT_CONFIG_CONFIG_H="<ftconfig.h>" -DFT2_BUILD_LIBRARY -DFT_CONFIG_MODULES_H="<ftmodule.h>" -DFT_CONFIG_OPTIONS_H="<ftoption.h>" -o /home/tom/projects/external/android-freetype2/tmp/freetype-2.10.0/objs/ftsynth.lo /home/tom/projects/external/android-freetype2/tmp/freetype-2.10.0/src/base/ftsynth.c
libtool: compile:  arm-linux-androideabi-gcc -pedantic -ansi -I/home/tom/projects/external/android-freetype2/tmp/freetype-2.10.0/src/base -I/home/tom/projects/external/android-freetype2/tmp/freetype-2.10.0/objs -I./builds/unix -I/home/tom/projects/external/android-freetype2/tmp/freetype-2.10.0/include -c -Wall -std=gnu99 -fPIC -fvisibility=hidden "-DFT_CONFIG_CONFIG_H=<ftconfig.h>" -DFT2_BUILD_LIBRARY "-DFT_CONFIG_MODULES_H=<ftmodule.h>" "-DFT_CONFIG_OPTIONS_H=<ftoption.h>" /home/tom/projects/external/android-freetype2/tmp/freetype-2.10.0/src/base/ftsynth.c  -fPIC -DPIC -o /home/tom/projects/external/android-freetype2/tmp/freetype-2.10.0/objs/.libs/ftsynth.o
libtool: compile:  arm-linux-androideabi-gcc -pedantic -ansi -I/home/tom/projects/external/android-freetype2/tmp/freetype-2.10.0/src/base -I/home/tom/projects/external/android-freetype2/tmp/freetype-2.10.0/objs -I./builds/unix -I/home/tom/projects/external/android-freetype2/tmp/freetype-2.10.0/include -c -Wall -std=gnu99 -fPIC -fvisibility=hidden "-DFT_CONFIG_CONFIG_H=<ftconfig.h>" -DFT2_BUILD_LIBRARY "-DFT_CONFIG_MODULES_H=<ftmodule.h>" "-DFT_CONFIG_OPTIONS_H=<ftoption.h>" /home/tom/projects/external/android-freetype2/tmp/freetype-2.10.0/src/base/ftsynth.c -fPIE -o /home/tom/projects/external/android-freetype2/tmp/freetype-2.10.0/objs/ftsynth.o >/dev/null 2>&1
./builds/unix/libtool --mode=compile arm-linux-androideabi-gcc -pedantic -ansi -I/home/tom/projects/external/android-freetype2/tmp/freetype-2.10.0/src/base -I/home/tom/projects/external/android-freetype2/tmp/freetype-2.10.0/objs -I./builds/unix -I/home/tom/projects/external/android-freetype2/tmp/freetype-2.10.0/include  -c -Wall -std=gnu99 -fPIE -fPIC -fvisibility=hidden -DFT_CONFIG_CONFIG_H="<ftconfig.h>" -DFT2_BUILD_LIBRARY -DFT_CONFIG_MODULES_H="<ftmodule.h>" -DFT_CONFIG_OPTIONS_H="<ftoption.h>" -o /home/tom/projects/external/android-freetype2/tmp/freetype-2.10.0/objs/fttype1.lo /home/tom/projects/external/android-freetype2/tmp/freetype-2.10.0/src/base/fttype1.c
libtool: compile:  arm-linux-androideabi-gcc -pedantic -ansi -I/home/tom/projects/external/android-freetype2/tmp/freetype-2.10.0/src/base -I/home/tom/projects/external/android-freetype2/tmp/freetype-2.10.0/objs -I./builds/unix -I/home/tom/projects/external/android-freetype2/tmp/freetype-2.10.0/include -c -Wall -std=gnu99 -fPIC -fvisibility=hidden "-DFT_CONFIG_CONFIG_H=<ftconfig.h>" -DFT2_BUILD_LIBRARY "-DFT_CONFIG_MODULES_H=<ftmodule.h>" "-DFT_CONFIG_OPTIONS_H=<ftoption.h>" /home/tom/projects/external/android-freetype2/tmp/freetype-2.10.0/src/base/fttype1.c  -fPIC -DPIC -o /home/tom/projects/external/android-freetype2/tmp/freetype-2.10.0/objs/.libs/fttype1.o
libtool: compile:  arm-linux-androideabi-gcc -pedantic -ansi -I/home/tom/projects/external/android-freetype2/tmp/freetype-2.10.0/src/base -I/home/tom/projects/external/android-freetype2/tmp/freetype-2.10.0/objs -I./builds/unix -I/home/tom/projects/external/android-freetype2/tmp/freetype-2.10.0/include -c -Wall -std=gnu99 -fPIC -fvisibility=hidden "-DFT_CONFIG_CONFIG_H=<ftconfig.h>" -DFT2_BUILD_LIBRARY "-DFT_CONFIG_MODULES_H=<ftmodule.h>" "-DFT_CONFIG_OPTIONS_H=<ftoption.h>" /home/tom/projects/external/android-freetype2/tmp/freetype-2.10.0/src/base/fttype1.c -fPIE -o /home/tom/projects/external/android-freetype2/tmp/freetype-2.10.0/objs/fttype1.o >/dev/null 2>&1
./builds/unix/libtool --mode=compile arm-linux-androideabi-gcc -pedantic -ansi -I/home/tom/projects/external/android-freetype2/tmp/freetype-2.10.0/src/base -I/home/tom/projects/external/android-freetype2/tmp/freetype-2.10.0/objs -I./builds/unix -I/home/tom/projects/external/android-freetype2/tmp/freetype-2.10.0/include  -c -Wall -std=gnu99 -fPIE -fPIC -fvisibility=hidden -DFT_CONFIG_CONFIG_H="<ftconfig.h>" -DFT2_BUILD_LIBRARY -DFT_CONFIG_MODULES_H="<ftmodule.h>" -DFT_CONFIG_OPTIONS_H="<ftoption.h>" -o /home/tom/projects/external/android-freetype2/tmp/freetype-2.10.0/objs/ftwinfnt.lo /home/tom/projects/external/android-freetype2/tmp/freetype-2.10.0/src/base/ftwinfnt.c
libtool: compile:  arm-linux-androideabi-gcc -pedantic -ansi -I/home/tom/projects/external/android-freetype2/tmp/freetype-2.10.0/src/base -I/home/tom/projects/external/android-freetype2/tmp/freetype-2.10.0/objs -I./builds/unix -I/home/tom/projects/external/android-freetype2/tmp/freetype-2.10.0/include -c -Wall -std=gnu99 -fPIC -fvisibility=hidden "-DFT_CONFIG_CONFIG_H=<ftconfig.h>" -DFT2_BUILD_LIBRARY "-DFT_CONFIG_MODULES_H=<ftmodule.h>" "-DFT_CONFIG_OPTIONS_H=<ftoption.h>" /home/tom/projects/external/android-freetype2/tmp/freetype-2.10.0/src/base/ftwinfnt.c  -fPIC -DPIC -o /home/tom/projects/external/android-freetype2/tmp/freetype-2.10.0/objs/.libs/ftwinfnt.o
libtool: compile:  arm-linux-androideabi-gcc -pedantic -ansi -I/home/tom/projects/external/android-freetype2/tmp/freetype-2.10.0/src/base -I/home/tom/projects/external/android-freetype2/tmp/freetype-2.10.0/objs -I./builds/unix -I/home/tom/projects/external/android-freetype2/tmp/freetype-2.10.0/include -c -Wall -std=gnu99 -fPIC -fvisibility=hidden "-DFT_CONFIG_CONFIG_H=<ftconfig.h>" -DFT2_BUILD_LIBRARY "-DFT_CONFIG_MODULES_H=<ftmodule.h>" "-DFT_CONFIG_OPTIONS_H=<ftoption.h>" /home/tom/projects/external/android-freetype2/tmp/freetype-2.10.0/src/base/ftwinfnt.c -fPIE -o /home/tom/projects/external/android-freetype2/tmp/freetype-2.10.0/objs/ftwinfnt.o >/dev/null 2>&1
./builds/unix/libtool --mode=compile arm-linux-androideabi-gcc -pedantic -ansi -I/home/tom/projects/external/android-freetype2/tmp/freetype-2.10.0/src/truetype -I/home/tom/projects/external/android-freetype2/tmp/freetype-2.10.0/objs -I./builds/unix -I/home/tom/projects/external/android-freetype2/tmp/freetype-2.10.0/include  -c -Wall -std=gnu99 -fPIE -fPIC -fvisibility=hidden -DFT_CONFIG_CONFIG_H="<ftconfig.h>" -DFT2_BUILD_LIBRARY -DFT_CONFIG_MODULES_H="<ftmodule.h>" -DFT_CONFIG_OPTIONS_H="<ftoption.h>" -o /home/tom/projects/external/android-freetype2/tmp/freetype-2.10.0/objs/truetype.lo /home/tom/projects/external/android-freetype2/tmp/freetype-2.10.0/src/truetype/truetype.c
libtool: compile:  arm-linux-androideabi-gcc -pedantic -ansi -I/home/tom/projects/external/android-freetype2/tmp/freetype-2.10.0/src/truetype -I/home/tom/projects/external/android-freetype2/tmp/freetype-2.10.0/objs -I./builds/unix -I/home/tom/projects/external/android-freetype2/tmp/freetype-2.10.0/include -c -Wall -std=gnu99 -fPIC -fvisibility=hidden "-DFT_CONFIG_CONFIG_H=<ftconfig.h>" -DFT2_BUILD_LIBRARY "-DFT_CONFIG_MODULES_H=<ftmodule.h>" "-DFT_CONFIG_OPTIONS_H=<ftoption.h>" /home/tom/projects/external/android-freetype2/tmp/freetype-2.10.0/src/truetype/truetype.c  -fPIC -DPIC -o /home/tom/projects/external/android-freetype2/tmp/freetype-2.10.0/objs/.libs/truetype.o
libtool: compile:  arm-linux-androideabi-gcc -pedantic -ansi -I/home/tom/projects/external/android-freetype2/tmp/freetype-2.10.0/src/truetype -I/home/tom/projects/external/android-freetype2/tmp/freetype-2.10.0/objs -I./builds/unix -I/home/tom/projects/external/android-freetype2/tmp/freetype-2.10.0/include -c -Wall -std=gnu99 -fPIC -fvisibility=hidden "-DFT_CONFIG_CONFIG_H=<ftconfig.h>" -DFT2_BUILD_LIBRARY "-DFT_CONFIG_MODULES_H=<ftmodule.h>" "-DFT_CONFIG_OPTIONS_H=<ftoption.h>" /home/tom/projects/external/android-freetype2/tmp/freetype-2.10.0/src/truetype/truetype.c -fPIE -o /home/tom/projects/external/android-freetype2/tmp/freetype-2.10.0/objs/truetype.o >/dev/null 2>&1
./builds/unix/libtool --mode=compile arm-linux-androideabi-gcc -pedantic -ansi -I/home/tom/projects/external/android-freetype2/tmp/freetype-2.10.0/src/type1 -I/home/tom/projects/external/android-freetype2/tmp/freetype-2.10.0/objs -I./builds/unix -I/home/tom/projects/external/android-freetype2/tmp/freetype-2.10.0/include  -c -Wall -std=gnu99 -fPIE -fPIC -fvisibility=hidden -DFT_CONFIG_CONFIG_H="<ftconfig.h>" -DFT2_BUILD_LIBRARY -DFT_CONFIG_MODULES_H="<ftmodule.h>" -DFT_CONFIG_OPTIONS_H="<ftoption.h>" -o /home/tom/projects/external/android-freetype2/tmp/freetype-2.10.0/objs/type1.lo /home/tom/projects/external/android-freetype2/tmp/freetype-2.10.0/src/type1/type1.c
libtool: compile:  arm-linux-androideabi-gcc -pedantic -ansi -I/home/tom/projects/external/android-freetype2/tmp/freetype-2.10.0/src/type1 -I/home/tom/projects/external/android-freetype2/tmp/freetype-2.10.0/objs -I./builds/unix -I/home/tom/projects/external/android-freetype2/tmp/freetype-2.10.0/include -c -Wall -std=gnu99 -fPIC -fvisibility=hidden "-DFT_CONFIG_CONFIG_H=<ftconfig.h>" -DFT2_BUILD_LIBRARY "-DFT_CONFIG_MODULES_H=<ftmodule.h>" "-DFT_CONFIG_OPTIONS_H=<ftoption.h>" /home/tom/projects/external/android-freetype2/tmp/freetype-2.10.0/src/type1/type1.c  -fPIC -DPIC -o /home/tom/projects/external/android-freetype2/tmp/freetype-2.10.0/objs/.libs/type1.o
libtool: compile:  arm-linux-androideabi-gcc -pedantic -ansi -I/home/tom/projects/external/android-freetype2/tmp/freetype-2.10.0/src/type1 -I/home/tom/projects/external/android-freetype2/tmp/freetype-2.10.0/objs -I./builds/unix -I/home/tom/projects/external/android-freetype2/tmp/freetype-2.10.0/include -c -Wall -std=gnu99 -fPIC -fvisibility=hidden "-DFT_CONFIG_CONFIG_H=<ftconfig.h>" -DFT2_BUILD_LIBRARY "-DFT_CONFIG_MODULES_H=<ftmodule.h>" "-DFT_CONFIG_OPTIONS_H=<ftoption.h>" /home/tom/projects/external/android-freetype2/tmp/freetype-2.10.0/src/type1/type1.c -fPIE -o /home/tom/projects/external/android-freetype2/tmp/freetype-2.10.0/objs/type1.o >/dev/null 2>&1
./builds/unix/libtool --mode=compile arm-linux-androideabi-gcc -pedantic -ansi -I/home/tom/projects/external/android-freetype2/tmp/freetype-2.10.0/src/cff -I/home/tom/projects/external/android-freetype2/tmp/freetype-2.10.0/objs -I./builds/unix -I/home/tom/projects/external/android-freetype2/tmp/freetype-2.10.0/include  -c -Wall -std=gnu99 -fPIE -fPIC -fvisibility=hidden -DFT_CONFIG_CONFIG_H="<ftconfig.h>" -DFT2_BUILD_LIBRARY -DFT_CONFIG_MODULES_H="<ftmodule.h>" -DFT_CONFIG_OPTIONS_H="<ftoption.h>" -o /home/tom/projects/external/android-freetype2/tmp/freetype-2.10.0/objs/cff.lo /home/tom/projects/external/android-freetype2/tmp/freetype-2.10.0/src/cff/cff.c
libtool: compile:  arm-linux-androideabi-gcc -pedantic -ansi -I/home/tom/projects/external/android-freetype2/tmp/freetype-2.10.0/src/cff -I/home/tom/projects/external/android-freetype2/tmp/freetype-2.10.0/objs -I./builds/unix -I/home/tom/projects/external/android-freetype2/tmp/freetype-2.10.0/include -c -Wall -std=gnu99 -fPIC -fvisibility=hidden "-DFT_CONFIG_CONFIG_H=<ftconfig.h>" -DFT2_BUILD_LIBRARY "-DFT_CONFIG_MODULES_H=<ftmodule.h>" "-DFT_CONFIG_OPTIONS_H=<ftoption.h>" /home/tom/projects/external/android-freetype2/tmp/freetype-2.10.0/src/cff/cff.c  -fPIC -DPIC -o /home/tom/projects/external/android-freetype2/tmp/freetype-2.10.0/objs/.libs/cff.o
libtool: compile:  arm-linux-androideabi-gcc -pedantic -ansi -I/home/tom/projects/external/android-freetype2/tmp/freetype-2.10.0/src/cff -I/home/tom/projects/external/android-freetype2/tmp/freetype-2.10.0/objs -I./builds/unix -I/home/tom/projects/external/android-freetype2/tmp/freetype-2.10.0/include -c -Wall -std=gnu99 -fPIC -fvisibility=hidden "-DFT_CONFIG_CONFIG_H=<ftconfig.h>" -DFT2_BUILD_LIBRARY "-DFT_CONFIG_MODULES_H=<ftmodule.h>" "-DFT_CONFIG_OPTIONS_H=<ftoption.h>" /home/tom/projects/external/android-freetype2/tmp/freetype-2.10.0/src/cff/cff.c -fPIE -o /home/tom/projects/external/android-freetype2/tmp/freetype-2.10.0/objs/cff.o >/dev/null 2>&1
./builds/unix/libtool --mode=compile arm-linux-androideabi-gcc -pedantic -ansi -I/home/tom/projects/external/android-freetype2/tmp/freetype-2.10.0/src/cid -I/home/tom/projects/external/android-freetype2/tmp/freetype-2.10.0/objs -I./builds/unix -I/home/tom/projects/external/android-freetype2/tmp/freetype-2.10.0/include  -c -Wall -std=gnu99 -fPIE -fPIC -fvisibility=hidden -DFT_CONFIG_CONFIG_H="<ftconfig.h>" -DFT2_BUILD_LIBRARY -DFT_CONFIG_MODULES_H="<ftmodule.h>" -DFT_CONFIG_OPTIONS_H="<ftoption.h>" -o /home/tom/projects/external/android-freetype2/tmp/freetype-2.10.0/objs/type1cid.lo /home/tom/projects/external/android-freetype2/tmp/freetype-2.10.0/src/cid/type1cid.c
libtool: compile:  arm-linux-androideabi-gcc -pedantic -ansi -I/home/tom/projects/external/android-freetype2/tmp/freetype-2.10.0/src/cid -I/home/tom/projects/external/android-freetype2/tmp/freetype-2.10.0/objs -I./builds/unix -I/home/tom/projects/external/android-freetype2/tmp/freetype-2.10.0/include -c -Wall -std=gnu99 -fPIC -fvisibility=hidden "-DFT_CONFIG_CONFIG_H=<ftconfig.h>" -DFT2_BUILD_LIBRARY "-DFT_CONFIG_MODULES_H=<ftmodule.h>" "-DFT_CONFIG_OPTIONS_H=<ftoption.h>" /home/tom/projects/external/android-freetype2/tmp/freetype-2.10.0/src/cid/type1cid.c  -fPIC -DPIC -o /home/tom/projects/external/android-freetype2/tmp/freetype-2.10.0/objs/.libs/type1cid.o
libtool: compile:  arm-linux-androideabi-gcc -pedantic -ansi -I/home/tom/projects/external/android-freetype2/tmp/freetype-2.10.0/src/cid -I/home/tom/projects/external/android-freetype2/tmp/freetype-2.10.0/objs -I./builds/unix -I/home/tom/projects/external/android-freetype2/tmp/freetype-2.10.0/include -c -Wall -std=gnu99 -fPIC -fvisibility=hidden "-DFT_CONFIG_CONFIG_H=<ftconfig.h>" -DFT2_BUILD_LIBRARY "-DFT_CONFIG_MODULES_H=<ftmodule.h>" "-DFT_CONFIG_OPTIONS_H=<ftoption.h>" /home/tom/projects/external/android-freetype2/tmp/freetype-2.10.0/src/cid/type1cid.c -fPIE -o /home/tom/projects/external/android-freetype2/tmp/freetype-2.10.0/objs/type1cid.o >/dev/null 2>&1
./builds/unix/libtool --mode=compile arm-linux-androideabi-gcc -pedantic -ansi -I/home/tom/projects/external/android-freetype2/tmp/freetype-2.10.0/src/pfr -I/home/tom/projects/external/android-freetype2/tmp/freetype-2.10.0/objs -I./builds/unix -I/home/tom/projects/external/android-freetype2/tmp/freetype-2.10.0/include  -c -Wall -std=gnu99 -fPIE -fPIC -fvisibility=hidden -DFT_CONFIG_CONFIG_H="<ftconfig.h>" -DFT2_BUILD_LIBRARY -DFT_CONFIG_MODULES_H="<ftmodule.h>" -DFT_CONFIG_OPTIONS_H="<ftoption.h>" -o /home/tom/projects/external/android-freetype2/tmp/freetype-2.10.0/objs/pfr.lo /home/tom/projects/external/android-freetype2/tmp/freetype-2.10.0/src/pfr/pfr.c
libtool: compile:  arm-linux-androideabi-gcc -pedantic -ansi -I/home/tom/projects/external/android-freetype2/tmp/freetype-2.10.0/src/pfr -I/home/tom/projects/external/android-freetype2/tmp/freetype-2.10.0/objs -I./builds/unix -I/home/tom/projects/external/android-freetype2/tmp/freetype-2.10.0/include -c -Wall -std=gnu99 -fPIC -fvisibility=hidden "-DFT_CONFIG_CONFIG_H=<ftconfig.h>" -DFT2_BUILD_LIBRARY "-DFT_CONFIG_MODULES_H=<ftmodule.h>" "-DFT_CONFIG_OPTIONS_H=<ftoption.h>" /home/tom/projects/external/android-freetype2/tmp/freetype-2.10.0/src/pfr/pfr.c  -fPIC -DPIC -o /home/tom/projects/external/android-freetype2/tmp/freetype-2.10.0/objs/.libs/pfr.o
libtool: compile:  arm-linux-androideabi-gcc -pedantic -ansi -I/home/tom/projects/external/android-freetype2/tmp/freetype-2.10.0/src/pfr -I/home/tom/projects/external/android-freetype2/tmp/freetype-2.10.0/objs -I./builds/unix -I/home/tom/projects/external/android-freetype2/tmp/freetype-2.10.0/include -c -Wall -std=gnu99 -fPIC -fvisibility=hidden "-DFT_CONFIG_CONFIG_H=<ftconfig.h>" -DFT2_BUILD_LIBRARY "-DFT_CONFIG_MODULES_H=<ftmodule.h>" "-DFT_CONFIG_OPTIONS_H=<ftoption.h>" /home/tom/projects/external/android-freetype2/tmp/freetype-2.10.0/src/pfr/pfr.c -fPIE -o /home/tom/projects/external/android-freetype2/tmp/freetype-2.10.0/objs/pfr.o >/dev/null 2>&1
./builds/unix/libtool --mode=compile arm-linux-androideabi-gcc -pedantic -ansi -I/home/tom/projects/external/android-freetype2/tmp/freetype-2.10.0/src/type42 -I/home/tom/projects/external/android-freetype2/tmp/freetype-2.10.0/objs -I./builds/unix -I/home/tom/projects/external/android-freetype2/tmp/freetype-2.10.0/include  -c -Wall -std=gnu99 -fPIE -fPIC -fvisibility=hidden -DFT_CONFIG_CONFIG_H="<ftconfig.h>" -DFT2_BUILD_LIBRARY -DFT_CONFIG_MODULES_H="<ftmodule.h>" -DFT_CONFIG_OPTIONS_H="<ftoption.h>" -o /home/tom/projects/external/android-freetype2/tmp/freetype-2.10.0/objs/type42.lo /home/tom/projects/external/android-freetype2/tmp/freetype-2.10.0/src/type42/type42.c
libtool: compile:  arm-linux-androideabi-gcc -pedantic -ansi -I/home/tom/projects/external/android-freetype2/tmp/freetype-2.10.0/src/type42 -I/home/tom/projects/external/android-freetype2/tmp/freetype-2.10.0/objs -I./builds/unix -I/home/tom/projects/external/android-freetype2/tmp/freetype-2.10.0/include -c -Wall -std=gnu99 -fPIC -fvisibility=hidden "-DFT_CONFIG_CONFIG_H=<ftconfig.h>" -DFT2_BUILD_LIBRARY "-DFT_CONFIG_MODULES_H=<ftmodule.h>" "-DFT_CONFIG_OPTIONS_H=<ftoption.h>" /home/tom/projects/external/android-freetype2/tmp/freetype-2.10.0/src/type42/type42.c  -fPIC -DPIC -o /home/tom/projects/external/android-freetype2/tmp/freetype-2.10.0/objs/.libs/type42.o
libtool: compile:  arm-linux-androideabi-gcc -pedantic -ansi -I/home/tom/projects/external/android-freetype2/tmp/freetype-2.10.0/src/type42 -I/home/tom/projects/external/android-freetype2/tmp/freetype-2.10.0/objs -I./builds/unix -I/home/tom/projects/external/android-freetype2/tmp/freetype-2.10.0/include -c -Wall -std=gnu99 -fPIC -fvisibility=hidden "-DFT_CONFIG_CONFIG_H=<ftconfig.h>" -DFT2_BUILD_LIBRARY "-DFT_CONFIG_MODULES_H=<ftmodule.h>" "-DFT_CONFIG_OPTIONS_H=<ftoption.h>" /home/tom/projects/external/android-freetype2/tmp/freetype-2.10.0/src/type42/type42.c -fPIE -o /home/tom/projects/external/android-freetype2/tmp/freetype-2.10.0/objs/type42.o >/dev/null 2>&1
./builds/unix/libtool --mode=compile arm-linux-androideabi-gcc -pedantic -ansi -I/home/tom/projects/external/android-freetype2/tmp/freetype-2.10.0/src/winfonts -I/home/tom/projects/external/android-freetype2/tmp/freetype-2.10.0/objs -I./builds/unix -I/home/tom/projects/external/android-freetype2/tmp/freetype-2.10.0/include  -c -Wall -std=gnu99 -fPIE -fPIC -fvisibility=hidden -DFT_CONFIG_CONFIG_H="<ftconfig.h>" -DFT2_BUILD_LIBRARY -DFT_CONFIG_MODULES_H="<ftmodule.h>" -DFT_CONFIG_OPTIONS_H="<ftoption.h>" -o /home/tom/projects/external/android-freetype2/tmp/freetype-2.10.0/objs/winfnt.lo /home/tom/projects/external/android-freetype2/tmp/freetype-2.10.0/src/winfonts/winfnt.c
libtool: compile:  arm-linux-androideabi-gcc -pedantic -ansi -I/home/tom/projects/external/android-freetype2/tmp/freetype-2.10.0/src/winfonts -I/home/tom/projects/external/android-freetype2/tmp/freetype-2.10.0/objs -I./builds/unix -I/home/tom/projects/external/android-freetype2/tmp/freetype-2.10.0/include -c -Wall -std=gnu99 -fPIC -fvisibility=hidden "-DFT_CONFIG_CONFIG_H=<ftconfig.h>" -DFT2_BUILD_LIBRARY "-DFT_CONFIG_MODULES_H=<ftmodule.h>" "-DFT_CONFIG_OPTIONS_H=<ftoption.h>" /home/tom/projects/external/android-freetype2/tmp/freetype-2.10.0/src/winfonts/winfnt.c  -fPIC -DPIC -o /home/tom/projects/external/android-freetype2/tmp/freetype-2.10.0/objs/.libs/winfnt.o
libtool: compile:  arm-linux-androideabi-gcc -pedantic -ansi -I/home/tom/projects/external/android-freetype2/tmp/freetype-2.10.0/src/winfonts -I/home/tom/projects/external/android-freetype2/tmp/freetype-2.10.0/objs -I./builds/unix -I/home/tom/projects/external/android-freetype2/tmp/freetype-2.10.0/include -c -Wall -std=gnu99 -fPIC -fvisibility=hidden "-DFT_CONFIG_CONFIG_H=<ftconfig.h>" -DFT2_BUILD_LIBRARY "-DFT_CONFIG_MODULES_H=<ftmodule.h>" "-DFT_CONFIG_OPTIONS_H=<ftoption.h>" /home/tom/projects/external/android-freetype2/tmp/freetype-2.10.0/src/winfonts/winfnt.c -fPIE -o /home/tom/projects/external/android-freetype2/tmp/freetype-2.10.0/objs/winfnt.o >/dev/null 2>&1
./builds/unix/libtool --mode=compile arm-linux-androideabi-gcc -pedantic -ansi -I/home/tom/projects/external/android-freetype2/tmp/freetype-2.10.0/src/pcf -I/home/tom/projects/external/android-freetype2/tmp/freetype-2.10.0/objs -I./builds/unix -I/home/tom/projects/external/android-freetype2/tmp/freetype-2.10.0/include  -c -Wall -std=gnu99 -fPIE -fPIC -fvisibility=hidden -DFT_CONFIG_CONFIG_H="<ftconfig.h>" -DFT2_BUILD_LIBRARY -DFT_CONFIG_MODULES_H="<ftmodule.h>" -DFT_CONFIG_OPTIONS_H="<ftoption.h>" -o /home/tom/projects/external/android-freetype2/tmp/freetype-2.10.0/objs/pcf.lo /home/tom/projects/external/android-freetype2/tmp/freetype-2.10.0/src/pcf/pcf.c
libtool: compile:  arm-linux-androideabi-gcc -pedantic -ansi -I/home/tom/projects/external/android-freetype2/tmp/freetype-2.10.0/src/pcf -I/home/tom/projects/external/android-freetype2/tmp/freetype-2.10.0/objs -I./builds/unix -I/home/tom/projects/external/android-freetype2/tmp/freetype-2.10.0/include -c -Wall -std=gnu99 -fPIC -fvisibility=hidden "-DFT_CONFIG_CONFIG_H=<ftconfig.h>" -DFT2_BUILD_LIBRARY "-DFT_CONFIG_MODULES_H=<ftmodule.h>" "-DFT_CONFIG_OPTIONS_H=<ftoption.h>" /home/tom/projects/external/android-freetype2/tmp/freetype-2.10.0/src/pcf/pcf.c  -fPIC -DPIC -o /home/tom/projects/external/android-freetype2/tmp/freetype-2.10.0/objs/.libs/pcf.o
libtool: compile:  arm-linux-androideabi-gcc -pedantic -ansi -I/home/tom/projects/external/android-freetype2/tmp/freetype-2.10.0/src/pcf -I/home/tom/projects/external/android-freetype2/tmp/freetype-2.10.0/objs -I./builds/unix -I/home/tom/projects/external/android-freetype2/tmp/freetype-2.10.0/include -c -Wall -std=gnu99 -fPIC -fvisibility=hidden "-DFT_CONFIG_CONFIG_H=<ftconfig.h>" -DFT2_BUILD_LIBRARY "-DFT_CONFIG_MODULES_H=<ftmodule.h>" "-DFT_CONFIG_OPTIONS_H=<ftoption.h>" /home/tom/projects/external/android-freetype2/tmp/freetype-2.10.0/src/pcf/pcf.c -fPIE -o /home/tom/projects/external/android-freetype2/tmp/freetype-2.10.0/objs/pcf.o >/dev/null 2>&1
./builds/unix/libtool --mode=compile arm-linux-androideabi-gcc -pedantic -ansi -I/home/tom/projects/external/android-freetype2/tmp/freetype-2.10.0/src/bdf -I/home/tom/projects/external/android-freetype2/tmp/freetype-2.10.0/objs -I./builds/unix -I/home/tom/projects/external/android-freetype2/tmp/freetype-2.10.0/include  -c -Wall -std=gnu99 -fPIE -fPIC -fvisibility=hidden -DFT_CONFIG_CONFIG_H="<ftconfig.h>" -DFT2_BUILD_LIBRARY -DFT_CONFIG_MODULES_H="<ftmodule.h>" -DFT_CONFIG_OPTIONS_H="<ftoption.h>" -o /home/tom/projects/external/android-freetype2/tmp/freetype-2.10.0/objs/bdf.lo /home/tom/projects/external/android-freetype2/tmp/freetype-2.10.0/src/bdf/bdf.c
libtool: compile:  arm-linux-androideabi-gcc -pedantic -ansi -I/home/tom/projects/external/android-freetype2/tmp/freetype-2.10.0/src/bdf -I/home/tom/projects/external/android-freetype2/tmp/freetype-2.10.0/objs -I./builds/unix -I/home/tom/projects/external/android-freetype2/tmp/freetype-2.10.0/include -c -Wall -std=gnu99 -fPIC -fvisibility=hidden "-DFT_CONFIG_CONFIG_H=<ftconfig.h>" -DFT2_BUILD_LIBRARY "-DFT_CONFIG_MODULES_H=<ftmodule.h>" "-DFT_CONFIG_OPTIONS_H=<ftoption.h>" /home/tom/projects/external/android-freetype2/tmp/freetype-2.10.0/src/bdf/bdf.c  -fPIC -DPIC -o /home/tom/projects/external/android-freetype2/tmp/freetype-2.10.0/objs/.libs/bdf.o
libtool: compile:  arm-linux-androideabi-gcc -pedantic -ansi -I/home/tom/projects/external/android-freetype2/tmp/freetype-2.10.0/src/bdf -I/home/tom/projects/external/android-freetype2/tmp/freetype-2.10.0/objs -I./builds/unix -I/home/tom/projects/external/android-freetype2/tmp/freetype-2.10.0/include -c -Wall -std=gnu99 -fPIC -fvisibility=hidden "-DFT_CONFIG_CONFIG_H=<ftconfig.h>" -DFT2_BUILD_LIBRARY "-DFT_CONFIG_MODULES_H=<ftmodule.h>" "-DFT_CONFIG_OPTIONS_H=<ftoption.h>" /home/tom/projects/external/android-freetype2/tmp/freetype-2.10.0/src/bdf/bdf.c -fPIE -o /home/tom/projects/external/android-freetype2/tmp/freetype-2.10.0/objs/bdf.o >/dev/null 2>&1
./builds/unix/libtool --mode=compile arm-linux-androideabi-gcc -pedantic -ansi -I/home/tom/projects/external/android-freetype2/tmp/freetype-2.10.0/src/sfnt -I/home/tom/projects/external/android-freetype2/tmp/freetype-2.10.0/objs -I./builds/unix -I/home/tom/projects/external/android-freetype2/tmp/freetype-2.10.0/include  -c -Wall -std=gnu99 -fPIE -fPIC -fvisibility=hidden -DFT_CONFIG_CONFIG_H="<ftconfig.h>" -DFT2_BUILD_LIBRARY -DFT_CONFIG_MODULES_H="<ftmodule.h>" -DFT_CONFIG_OPTIONS_H="<ftoption.h>" -o /home/tom/projects/external/android-freetype2/tmp/freetype-2.10.0/objs/sfnt.lo /home/tom/projects/external/android-freetype2/tmp/freetype-2.10.0/src/sfnt/sfnt.c
libtool: compile:  arm-linux-androideabi-gcc -pedantic -ansi -I/home/tom/projects/external/android-freetype2/tmp/freetype-2.10.0/src/sfnt -I/home/tom/projects/external/android-freetype2/tmp/freetype-2.10.0/objs -I./builds/unix -I/home/tom/projects/external/android-freetype2/tmp/freetype-2.10.0/include -c -Wall -std=gnu99 -fPIC -fvisibility=hidden "-DFT_CONFIG_CONFIG_H=<ftconfig.h>" -DFT2_BUILD_LIBRARY "-DFT_CONFIG_MODULES_H=<ftmodule.h>" "-DFT_CONFIG_OPTIONS_H=<ftoption.h>" /home/tom/projects/external/android-freetype2/tmp/freetype-2.10.0/src/sfnt/sfnt.c  -fPIC -DPIC -o /home/tom/projects/external/android-freetype2/tmp/freetype-2.10.0/objs/.libs/sfnt.o
libtool: compile:  arm-linux-androideabi-gcc -pedantic -ansi -I/home/tom/projects/external/android-freetype2/tmp/freetype-2.10.0/src/sfnt -I/home/tom/projects/external/android-freetype2/tmp/freetype-2.10.0/objs -I./builds/unix -I/home/tom/projects/external/android-freetype2/tmp/freetype-2.10.0/include -c -Wall -std=gnu99 -fPIC -fvisibility=hidden "-DFT_CONFIG_CONFIG_H=<ftconfig.h>" -DFT2_BUILD_LIBRARY "-DFT_CONFIG_MODULES_H=<ftmodule.h>" "-DFT_CONFIG_OPTIONS_H=<ftoption.h>" /home/tom/projects/external/android-freetype2/tmp/freetype-2.10.0/src/sfnt/sfnt.c -fPIE -o /home/tom/projects/external/android-freetype2/tmp/freetype-2.10.0/objs/sfnt.o >/dev/null 2>&1
./builds/unix/libtool --mode=compile arm-linux-androideabi-gcc -pedantic -ansi -I/home/tom/projects/external/android-freetype2/tmp/freetype-2.10.0/src/autofit -I/home/tom/projects/external/android-freetype2/tmp/freetype-2.10.0/objs -I./builds/unix -I/home/tom/projects/external/android-freetype2/tmp/freetype-2.10.0/include  -c -Wall -std=gnu99 -fPIE -fPIC -fvisibility=hidden -DFT_CONFIG_CONFIG_H="<ftconfig.h>" -DFT2_BUILD_LIBRARY -DFT_CONFIG_MODULES_H="<ftmodule.h>" -DFT_CONFIG_OPTIONS_H="<ftoption.h>" -o /home/tom/projects/external/android-freetype2/tmp/freetype-2.10.0/objs/autofit.lo /home/tom/projects/external/android-freetype2/tmp/freetype-2.10.0/src/autofit/autofit.c
libtool: compile:  arm-linux-androideabi-gcc -pedantic -ansi -I/home/tom/projects/external/android-freetype2/tmp/freetype-2.10.0/src/autofit -I/home/tom/projects/external/android-freetype2/tmp/freetype-2.10.0/objs -I./builds/unix -I/home/tom/projects/external/android-freetype2/tmp/freetype-2.10.0/include -c -Wall -std=gnu99 -fPIC -fvisibility=hidden "-DFT_CONFIG_CONFIG_H=<ftconfig.h>" -DFT2_BUILD_LIBRARY "-DFT_CONFIG_MODULES_H=<ftmodule.h>" "-DFT_CONFIG_OPTIONS_H=<ftoption.h>" /home/tom/projects/external/android-freetype2/tmp/freetype-2.10.0/src/autofit/autofit.c  -fPIC -DPIC -o /home/tom/projects/external/android-freetype2/tmp/freetype-2.10.0/objs/.libs/autofit.o
libtool: compile:  arm-linux-androideabi-gcc -pedantic -ansi -I/home/tom/projects/external/android-freetype2/tmp/freetype-2.10.0/src/autofit -I/home/tom/projects/external/android-freetype2/tmp/freetype-2.10.0/objs -I./builds/unix -I/home/tom/projects/external/android-freetype2/tmp/freetype-2.10.0/include -c -Wall -std=gnu99 -fPIC -fvisibility=hidden "-DFT_CONFIG_CONFIG_H=<ftconfig.h>" -DFT2_BUILD_LIBRARY "-DFT_CONFIG_MODULES_H=<ftmodule.h>" "-DFT_CONFIG_OPTIONS_H=<ftoption.h>" /home/tom/projects/external/android-freetype2/tmp/freetype-2.10.0/src/autofit/autofit.c -fPIE -o /home/tom/projects/external/android-freetype2/tmp/freetype-2.10.0/objs/autofit.o >/dev/null 2>&1
./builds/unix/libtool --mode=compile arm-linux-androideabi-gcc -pedantic -ansi -I/home/tom/projects/external/android-freetype2/tmp/freetype-2.10.0/src/pshinter -I/home/tom/projects/external/android-freetype2/tmp/freetype-2.10.0/objs -I./builds/unix -I/home/tom/projects/external/android-freetype2/tmp/freetype-2.10.0/include  -c -Wall -std=gnu99 -fPIE -fPIC -fvisibility=hidden -DFT_CONFIG_CONFIG_H="<ftconfig.h>" -DFT2_BUILD_LIBRARY -DFT_CONFIG_MODULES_H="<ftmodule.h>" -DFT_CONFIG_OPTIONS_H="<ftoption.h>" -o /home/tom/projects/external/android-freetype2/tmp/freetype-2.10.0/objs/pshinter.lo /home/tom/projects/external/android-freetype2/tmp/freetype-2.10.0/src/pshinter/pshinter.c
libtool: compile:  arm-linux-androideabi-gcc -pedantic -ansi -I/home/tom/projects/external/android-freetype2/tmp/freetype-2.10.0/src/pshinter -I/home/tom/projects/external/android-freetype2/tmp/freetype-2.10.0/objs -I./builds/unix -I/home/tom/projects/external/android-freetype2/tmp/freetype-2.10.0/include -c -Wall -std=gnu99 -fPIC -fvisibility=hidden "-DFT_CONFIG_CONFIG_H=<ftconfig.h>" -DFT2_BUILD_LIBRARY "-DFT_CONFIG_MODULES_H=<ftmodule.h>" "-DFT_CONFIG_OPTIONS_H=<ftoption.h>" /home/tom/projects/external/android-freetype2/tmp/freetype-2.10.0/src/pshinter/pshinter.c  -fPIC -DPIC -o /home/tom/projects/external/android-freetype2/tmp/freetype-2.10.0/objs/.libs/pshinter.o
libtool: compile:  arm-linux-androideabi-gcc -pedantic -ansi -I/home/tom/projects/external/android-freetype2/tmp/freetype-2.10.0/src/pshinter -I/home/tom/projects/external/android-freetype2/tmp/freetype-2.10.0/objs -I./builds/unix -I/home/tom/projects/external/android-freetype2/tmp/freetype-2.10.0/include -c -Wall -std=gnu99 -fPIC -fvisibility=hidden "-DFT_CONFIG_CONFIG_H=<ftconfig.h>" -DFT2_BUILD_LIBRARY "-DFT_CONFIG_MODULES_H=<ftmodule.h>" "-DFT_CONFIG_OPTIONS_H=<ftoption.h>" /home/tom/projects/external/android-freetype2/tmp/freetype-2.10.0/src/pshinter/pshinter.c -fPIE -o /home/tom/projects/external/android-freetype2/tmp/freetype-2.10.0/objs/pshinter.o >/dev/null 2>&1
./builds/unix/libtool --mode=compile arm-linux-androideabi-gcc -pedantic -ansi -I/home/tom/projects/external/android-freetype2/tmp/freetype-2.10.0/src/raster -I/home/tom/projects/external/android-freetype2/tmp/freetype-2.10.0/objs -I./builds/unix -I/home/tom/projects/external/android-freetype2/tmp/freetype-2.10.0/include  -c -Wall -std=gnu99 -fPIE -fPIC -fvisibility=hidden -DFT_CONFIG_CONFIG_H="<ftconfig.h>" -DFT2_BUILD_LIBRARY -DFT_CONFIG_MODULES_H="<ftmodule.h>" -DFT_CONFIG_OPTIONS_H="<ftoption.h>" -o /home/tom/projects/external/android-freetype2/tmp/freetype-2.10.0/objs/raster.lo /home/tom/projects/external/android-freetype2/tmp/freetype-2.10.0/src/raster/raster.c
libtool: compile:  arm-linux-androideabi-gcc -pedantic -ansi -I/home/tom/projects/external/android-freetype2/tmp/freetype-2.10.0/src/raster -I/home/tom/projects/external/android-freetype2/tmp/freetype-2.10.0/objs -I./builds/unix -I/home/tom/projects/external/android-freetype2/tmp/freetype-2.10.0/include -c -Wall -std=gnu99 -fPIC -fvisibility=hidden "-DFT_CONFIG_CONFIG_H=<ftconfig.h>" -DFT2_BUILD_LIBRARY "-DFT_CONFIG_MODULES_H=<ftmodule.h>" "-DFT_CONFIG_OPTIONS_H=<ftoption.h>" /home/tom/projects/external/android-freetype2/tmp/freetype-2.10.0/src/raster/raster.c  -fPIC -DPIC -o /home/tom/projects/external/android-freetype2/tmp/freetype-2.10.0/objs/.libs/raster.o
libtool: compile:  arm-linux-androideabi-gcc -pedantic -ansi -I/home/tom/projects/external/android-freetype2/tmp/freetype-2.10.0/src/raster -I/home/tom/projects/external/android-freetype2/tmp/freetype-2.10.0/objs -I./builds/unix -I/home/tom/projects/external/android-freetype2/tmp/freetype-2.10.0/include -c -Wall -std=gnu99 -fPIC -fvisibility=hidden "-DFT_CONFIG_CONFIG_H=<ftconfig.h>" -DFT2_BUILD_LIBRARY "-DFT_CONFIG_MODULES_H=<ftmodule.h>" "-DFT_CONFIG_OPTIONS_H=<ftoption.h>" /home/tom/projects/external/android-freetype2/tmp/freetype-2.10.0/src/raster/raster.c -fPIE -o /home/tom/projects/external/android-freetype2/tmp/freetype-2.10.0/objs/raster.o >/dev/null 2>&1
./builds/unix/libtool --mode=compile arm-linux-androideabi-gcc -pedantic -ansi -I/home/tom/projects/external/android-freetype2/tmp/freetype-2.10.0/src/smooth -I/home/tom/projects/external/android-freetype2/tmp/freetype-2.10.0/objs -I./builds/unix -I/home/tom/projects/external/android-freetype2/tmp/freetype-2.10.0/include  -c -Wall -std=gnu99 -fPIE -fPIC -fvisibility=hidden -DFT_CONFIG_CONFIG_H="<ftconfig.h>" -DFT2_BUILD_LIBRARY -DFT_CONFIG_MODULES_H="<ftmodule.h>" -DFT_CONFIG_OPTIONS_H="<ftoption.h>" -o /home/tom/projects/external/android-freetype2/tmp/freetype-2.10.0/objs/smooth.lo /home/tom/projects/external/android-freetype2/tmp/freetype-2.10.0/src/smooth/smooth.c
libtool: compile:  arm-linux-androideabi-gcc -pedantic -ansi -I/home/tom/projects/external/android-freetype2/tmp/freetype-2.10.0/src/smooth -I/home/tom/projects/external/android-freetype2/tmp/freetype-2.10.0/objs -I./builds/unix -I/home/tom/projects/external/android-freetype2/tmp/freetype-2.10.0/include -c -Wall -std=gnu99 -fPIC -fvisibility=hidden "-DFT_CONFIG_CONFIG_H=<ftconfig.h>" -DFT2_BUILD_LIBRARY "-DFT_CONFIG_MODULES_H=<ftmodule.h>" "-DFT_CONFIG_OPTIONS_H=<ftoption.h>" /home/tom/projects/external/android-freetype2/tmp/freetype-2.10.0/src/smooth/smooth.c  -fPIC -DPIC -o /home/tom/projects/external/android-freetype2/tmp/freetype-2.10.0/objs/.libs/smooth.o
libtool: compile:  arm-linux-androideabi-gcc -pedantic -ansi -I/home/tom/projects/external/android-freetype2/tmp/freetype-2.10.0/src/smooth -I/home/tom/projects/external/android-freetype2/tmp/freetype-2.10.0/objs -I./builds/unix -I/home/tom/projects/external/android-freetype2/tmp/freetype-2.10.0/include -c -Wall -std=gnu99 -fPIC -fvisibility=hidden "-DFT_CONFIG_CONFIG_H=<ftconfig.h>" -DFT2_BUILD_LIBRARY "-DFT_CONFIG_MODULES_H=<ftmodule.h>" "-DFT_CONFIG_OPTIONS_H=<ftoption.h>" /home/tom/projects/external/android-freetype2/tmp/freetype-2.10.0/src/smooth/smooth.c -fPIE -o /home/tom/projects/external/android-freetype2/tmp/freetype-2.10.0/objs/smooth.o >/dev/null 2>&1
./builds/unix/libtool --mode=compile arm-linux-androideabi-gcc -pedantic -ansi -I/home/tom/projects/external/android-freetype2/tmp/freetype-2.10.0/src/cache -I/home/tom/projects/external/android-freetype2/tmp/freetype-2.10.0/objs -I./builds/unix -I/home/tom/projects/external/android-freetype2/tmp/freetype-2.10.0/include  -c -Wall -std=gnu99 -fPIE -fPIC -fvisibility=hidden -DFT_CONFIG_CONFIG_H="<ftconfig.h>" -DFT2_BUILD_LIBRARY -DFT_CONFIG_MODULES_H="<ftmodule.h>" -DFT_CONFIG_OPTIONS_H="<ftoption.h>" -o /home/tom/projects/external/android-freetype2/tmp/freetype-2.10.0/objs/ftcache.lo /home/tom/projects/external/android-freetype2/tmp/freetype-2.10.0/src/cache/ftcache.c
libtool: compile:  arm-linux-androideabi-gcc -pedantic -ansi -I/home/tom/projects/external/android-freetype2/tmp/freetype-2.10.0/src/cache -I/home/tom/projects/external/android-freetype2/tmp/freetype-2.10.0/objs -I./builds/unix -I/home/tom/projects/external/android-freetype2/tmp/freetype-2.10.0/include -c -Wall -std=gnu99 -fPIC -fvisibility=hidden "-DFT_CONFIG_CONFIG_H=<ftconfig.h>" -DFT2_BUILD_LIBRARY "-DFT_CONFIG_MODULES_H=<ftmodule.h>" "-DFT_CONFIG_OPTIONS_H=<ftoption.h>" /home/tom/projects/external/android-freetype2/tmp/freetype-2.10.0/src/cache/ftcache.c  -fPIC -DPIC -o /home/tom/projects/external/android-freetype2/tmp/freetype-2.10.0/objs/.libs/ftcache.o
libtool: compile:  arm-linux-androideabi-gcc -pedantic -ansi -I/home/tom/projects/external/android-freetype2/tmp/freetype-2.10.0/src/cache -I/home/tom/projects/external/android-freetype2/tmp/freetype-2.10.0/objs -I./builds/unix -I/home/tom/projects/external/android-freetype2/tmp/freetype-2.10.0/include -c -Wall -std=gnu99 -fPIC -fvisibility=hidden "-DFT_CONFIG_CONFIG_H=<ftconfig.h>" -DFT2_BUILD_LIBRARY "-DFT_CONFIG_MODULES_H=<ftmodule.h>" "-DFT_CONFIG_OPTIONS_H=<ftoption.h>" /home/tom/projects/external/android-freetype2/tmp/freetype-2.10.0/src/cache/ftcache.c -fPIE -o /home/tom/projects/external/android-freetype2/tmp/freetype-2.10.0/objs/ftcache.o >/dev/null 2>&1
./builds/unix/libtool --mode=compile arm-linux-androideabi-gcc -pedantic -ansi -I/home/tom/projects/external/android-freetype2/tmp/freetype-2.10.0/objs -I./builds/unix -I/home/tom/projects/external/android-freetype2/tmp/freetype-2.10.0/include  -c -Wall -std=gnu99 -fPIE -fPIC -fvisibility=hidden -DFT_CONFIG_CONFIG_H="<ftconfig.h>" -DFT2_BUILD_LIBRARY -DFT_CONFIG_MODULES_H="<ftmodule.h>" -DFT_CONFIG_OPTIONS_H="<ftoption.h>" -o /home/tom/projects/external/android-freetype2/tmp/freetype-2.10.0/objs/ftgzip.lo /home/tom/projects/external/android-freetype2/tmp/freetype-2.10.0/src/gzip/ftgzip.c
libtool: compile:  arm-linux-androideabi-gcc -pedantic -ansi -I/home/tom/projects/external/android-freetype2/tmp/freetype-2.10.0/objs -I./builds/unix -I/home/tom/projects/external/android-freetype2/tmp/freetype-2.10.0/include -c -Wall -std=gnu99 -fPIC -fvisibility=hidden "-DFT_CONFIG_CONFIG_H=<ftconfig.h>" -DFT2_BUILD_LIBRARY "-DFT_CONFIG_MODULES_H=<ftmodule.h>" "-DFT_CONFIG_OPTIONS_H=<ftoption.h>" /home/tom/projects/external/android-freetype2/tmp/freetype-2.10.0/src/gzip/ftgzip.c  -fPIC -DPIC -o /home/tom/projects/external/android-freetype2/tmp/freetype-2.10.0/objs/.libs/ftgzip.o
libtool: compile:  arm-linux-androideabi-gcc -pedantic -ansi -I/home/tom/projects/external/android-freetype2/tmp/freetype-2.10.0/objs -I./builds/unix -I/home/tom/projects/external/android-freetype2/tmp/freetype-2.10.0/include -c -Wall -std=gnu99 -fPIC -fvisibility=hidden "-DFT_CONFIG_CONFIG_H=<ftconfig.h>" -DFT2_BUILD_LIBRARY "-DFT_CONFIG_MODULES_H=<ftmodule.h>" "-DFT_CONFIG_OPTIONS_H=<ftoption.h>" /home/tom/projects/external/android-freetype2/tmp/freetype-2.10.0/src/gzip/ftgzip.c -fPIE -o /home/tom/projects/external/android-freetype2/tmp/freetype-2.10.0/objs/ftgzip.o >/dev/null 2>&1
./builds/unix/libtool --mode=compile arm-linux-androideabi-gcc -pedantic -ansi -I/home/tom/projects/external/android-freetype2/tmp/freetype-2.10.0/src/lzw -I/home/tom/projects/external/android-freetype2/tmp/freetype-2.10.0/objs -I./builds/unix -I/home/tom/projects/external/android-freetype2/tmp/freetype-2.10.0/include  -c -Wall -std=gnu99 -fPIE -fPIC -fvisibility=hidden -DFT_CONFIG_CONFIG_H="<ftconfig.h>" -DFT2_BUILD_LIBRARY -DFT_CONFIG_MODULES_H="<ftmodule.h>" -DFT_CONFIG_OPTIONS_H="<ftoption.h>" -o /home/tom/projects/external/android-freetype2/tmp/freetype-2.10.0/objs/ftlzw.lo /home/tom/projects/external/android-freetype2/tmp/freetype-2.10.0/src/lzw/ftlzw.c
libtool: compile:  arm-linux-androideabi-gcc -pedantic -ansi -I/home/tom/projects/external/android-freetype2/tmp/freetype-2.10.0/src/lzw -I/home/tom/projects/external/android-freetype2/tmp/freetype-2.10.0/objs -I./builds/unix -I/home/tom/projects/external/android-freetype2/tmp/freetype-2.10.0/include -c -Wall -std=gnu99 -fPIC -fvisibility=hidden "-DFT_CONFIG_CONFIG_H=<ftconfig.h>" -DFT2_BUILD_LIBRARY "-DFT_CONFIG_MODULES_H=<ftmodule.h>" "-DFT_CONFIG_OPTIONS_H=<ftoption.h>" /home/tom/projects/external/android-freetype2/tmp/freetype-2.10.0/src/lzw/ftlzw.c  -fPIC -DPIC -o /home/tom/projects/external/android-freetype2/tmp/freetype-2.10.0/objs/.libs/ftlzw.o
libtool: compile:  arm-linux-androideabi-gcc -pedantic -ansi -I/home/tom/projects/external/android-freetype2/tmp/freetype-2.10.0/src/lzw -I/home/tom/projects/external/android-freetype2/tmp/freetype-2.10.0/objs -I./builds/unix -I/home/tom/projects/external/android-freetype2/tmp/freetype-2.10.0/include -c -Wall -std=gnu99 -fPIC -fvisibility=hidden "-DFT_CONFIG_CONFIG_H=<ftconfig.h>" -DFT2_BUILD_LIBRARY "-DFT_CONFIG_MODULES_H=<ftmodule.h>" "-DFT_CONFIG_OPTIONS_H=<ftoption.h>" /home/tom/projects/external/android-freetype2/tmp/freetype-2.10.0/src/lzw/ftlzw.c -fPIE -o /home/tom/projects/external/android-freetype2/tmp/freetype-2.10.0/objs/ftlzw.o >/dev/null 2>&1
./builds/unix/libtool --mode=compile arm-linux-androideabi-gcc -pedantic -ansi -I/home/tom/projects/external/android-freetype2/tmp/freetype-2.10.0/objs -I./builds/unix -I/home/tom/projects/external/android-freetype2/tmp/freetype-2.10.0/include  -c -Wall -std=gnu99 -fPIE -fPIC -fvisibility=hidden -DFT_CONFIG_CONFIG_H="<ftconfig.h>" -DFT2_BUILD_LIBRARY -DFT_CONFIG_MODULES_H="<ftmodule.h>" -DFT_CONFIG_OPTIONS_H="<ftoption.h>" -o /home/tom/projects/external/android-freetype2/tmp/freetype-2.10.0/objs/ftbzip2.lo /home/tom/projects/external/android-freetype2/tmp/freetype-2.10.0/src/bzip2/ftbzip2.c
libtool: compile:  arm-linux-androideabi-gcc -pedantic -ansi -I/home/tom/projects/external/android-freetype2/tmp/freetype-2.10.0/objs -I./builds/unix -I/home/tom/projects/external/android-freetype2/tmp/freetype-2.10.0/include -c -Wall -std=gnu99 -fPIC -fvisibility=hidden "-DFT_CONFIG_CONFIG_H=<ftconfig.h>" -DFT2_BUILD_LIBRARY "-DFT_CONFIG_MODULES_H=<ftmodule.h>" "-DFT_CONFIG_OPTIONS_H=<ftoption.h>" /home/tom/projects/external/android-freetype2/tmp/freetype-2.10.0/src/bzip2/ftbzip2.c  -fPIC -DPIC -o /home/tom/projects/external/android-freetype2/tmp/freetype-2.10.0/objs/.libs/ftbzip2.o
libtool: compile:  arm-linux-androideabi-gcc -pedantic -ansi -I/home/tom/projects/external/android-freetype2/tmp/freetype-2.10.0/objs -I./builds/unix -I/home/tom/projects/external/android-freetype2/tmp/freetype-2.10.0/include -c -Wall -std=gnu99 -fPIC -fvisibility=hidden "-DFT_CONFIG_CONFIG_H=<ftconfig.h>" -DFT2_BUILD_LIBRARY "-DFT_CONFIG_MODULES_H=<ftmodule.h>" "-DFT_CONFIG_OPTIONS_H=<ftoption.h>" /home/tom/projects/external/android-freetype2/tmp/freetype-2.10.0/src/bzip2/ftbzip2.c -fPIE -o /home/tom/projects/external/android-freetype2/tmp/freetype-2.10.0/objs/ftbzip2.o >/dev/null 2>&1
./builds/unix/libtool --mode=compile arm-linux-androideabi-gcc -pedantic -ansi -I/home/tom/projects/external/android-freetype2/tmp/freetype-2.10.0/src/psaux -I/home/tom/projects/external/android-freetype2/tmp/freetype-2.10.0/objs -I./builds/unix -I/home/tom/projects/external/android-freetype2/tmp/freetype-2.10.0/include  -c -Wall -std=gnu99 -fPIE -fPIC -fvisibility=hidden -DFT_CONFIG_CONFIG_H="<ftconfig.h>" -DFT2_BUILD_LIBRARY -DFT_CONFIG_MODULES_H="<ftmodule.h>" -DFT_CONFIG_OPTIONS_H="<ftoption.h>" -o /home/tom/projects/external/android-freetype2/tmp/freetype-2.10.0/objs/psaux.lo /home/tom/projects/external/android-freetype2/tmp/freetype-2.10.0/src/psaux/psaux.c
libtool: compile:  arm-linux-androideabi-gcc -pedantic -ansi -I/home/tom/projects/external/android-freetype2/tmp/freetype-2.10.0/src/psaux -I/home/tom/projects/external/android-freetype2/tmp/freetype-2.10.0/objs -I./builds/unix -I/home/tom/projects/external/android-freetype2/tmp/freetype-2.10.0/include -c -Wall -std=gnu99 -fPIC -fvisibility=hidden "-DFT_CONFIG_CONFIG_H=<ftconfig.h>" -DFT2_BUILD_LIBRARY "-DFT_CONFIG_MODULES_H=<ftmodule.h>" "-DFT_CONFIG_OPTIONS_H=<ftoption.h>" /home/tom/projects/external/android-freetype2/tmp/freetype-2.10.0/src/psaux/psaux.c  -fPIC -DPIC -o /home/tom/projects/external/android-freetype2/tmp/freetype-2.10.0/objs/.libs/psaux.o
libtool: compile:  arm-linux-androideabi-gcc -pedantic -ansi -I/home/tom/projects/external/android-freetype2/tmp/freetype-2.10.0/src/psaux -I/home/tom/projects/external/android-freetype2/tmp/freetype-2.10.0/objs -I./builds/unix -I/home/tom/projects/external/android-freetype2/tmp/freetype-2.10.0/include -c -Wall -std=gnu99 -fPIC -fvisibility=hidden "-DFT_CONFIG_CONFIG_H=<ftconfig.h>" -DFT2_BUILD_LIBRARY "-DFT_CONFIG_MODULES_H=<ftmodule.h>" "-DFT_CONFIG_OPTIONS_H=<ftoption.h>" /home/tom/projects/external/android-freetype2/tmp/freetype-2.10.0/src/psaux/psaux.c -fPIE -o /home/tom/projects/external/android-freetype2/tmp/freetype-2.10.0/objs/psaux.o >/dev/null 2>&1
./builds/unix/libtool --mode=compile arm-linux-androideabi-gcc -pedantic -ansi -I/home/tom/projects/external/android-freetype2/tmp/freetype-2.10.0/src/psnames -I/home/tom/projects/external/android-freetype2/tmp/freetype-2.10.0/objs -I./builds/unix -I/home/tom/projects/external/android-freetype2/tmp/freetype-2.10.0/include  -c -Wall -std=gnu99 -fPIE -fPIC -fvisibility=hidden -DFT_CONFIG_CONFIG_H="<ftconfig.h>" -DFT2_BUILD_LIBRARY -DFT_CONFIG_MODULES_H="<ftmodule.h>" -DFT_CONFIG_OPTIONS_H="<ftoption.h>" -o /home/tom/projects/external/android-freetype2/tmp/freetype-2.10.0/objs/psnames.lo /home/tom/projects/external/android-freetype2/tmp/freetype-2.10.0/src/psnames/psnames.c
libtool: compile:  arm-linux-androideabi-gcc -pedantic -ansi -I/home/tom/projects/external/android-freetype2/tmp/freetype-2.10.0/src/psnames -I/home/tom/projects/external/android-freetype2/tmp/freetype-2.10.0/objs -I./builds/unix -I/home/tom/projects/external/android-freetype2/tmp/freetype-2.10.0/include -c -Wall -std=gnu99 -fPIC -fvisibility=hidden "-DFT_CONFIG_CONFIG_H=<ftconfig.h>" -DFT2_BUILD_LIBRARY "-DFT_CONFIG_MODULES_H=<ftmodule.h>" "-DFT_CONFIG_OPTIONS_H=<ftoption.h>" /home/tom/projects/external/android-freetype2/tmp/freetype-2.10.0/src/psnames/psnames.c  -fPIC -DPIC -o /home/tom/projects/external/android-freetype2/tmp/freetype-2.10.0/objs/.libs/psnames.o
libtool: compile:  arm-linux-androideabi-gcc -pedantic -ansi -I/home/tom/projects/external/android-freetype2/tmp/freetype-2.10.0/src/psnames -I/home/tom/projects/external/android-freetype2/tmp/freetype-2.10.0/objs -I./builds/unix -I/home/tom/projects/external/android-freetype2/tmp/freetype-2.10.0/include -c -Wall -std=gnu99 -fPIC -fvisibility=hidden "-DFT_CONFIG_CONFIG_H=<ftconfig.h>" -DFT2_BUILD_LIBRARY "-DFT_CONFIG_MODULES_H=<ftmodule.h>" "-DFT_CONFIG_OPTIONS_H=<ftoption.h>" /home/tom/projects/external/android-freetype2/tmp/freetype-2.10.0/src/psnames/psnames.c -fPIE -o /home/tom/projects/external/android-freetype2/tmp/freetype-2.10.0/objs/psnames.o >/dev/null 2>&1
gcc		  -o /home/tom/projects/external/android-freetype2/tmp/freetype-2.10.0/objs/apinames /home/tom/projects/external/android-freetype2/tmp/freetype-2.10.0/src/tools/apinames.c 
/home/tom/projects/external/android-freetype2/tmp/freetype-2.10.0/objs/apinames -o/home/tom/projects/external/android-freetype2/tmp/freetype-2.10.0/objs/ftexport.sym  /home/tom/projects/external/android-freetype2/tmp/freetype-2.10.0/include/freetype/tttables.h /home/tom/projects/external/android-freetype2/tmp/freetype-2.10.0/include/freetype/ftlcdfil.h /home/tom/projects/external/android-freetype2/tmp/freetype-2.10.0/include/freetype/ftoutln.h /home/tom/projects/external/android-freetype2/tmp/freetype-2.10.0/include/freetype/ftstroke.h /home/tom/projects/external/android-freetype2/tmp/freetype-2.10.0/include/freetype/t1tables.h /home/tom/projects/external/android-freetype2/tmp/freetype-2.10.0/include/freetype/fterrors.h /home/tom/projects/external/android-freetype2/tmp/freetype-2.10.0/include/freetype/ftparams.h /home/tom/projects/external/android-freetype2/tmp/freetype-2.10.0/include/freetype/ftglyph.h /home/tom/projects/external/android-freetype2/tmp/freetype-2.10.0/include/freetype/ftcid.h /home/tom/projects/external/android-freetype2/tmp/freetype-2.10.0/include/freetype/ftbitmap.h /home/tom/projects/external/android-freetype2/tmp/freetype-2.10.0/include/freetype/ftmodapi.h /home/tom/projects/external/android-freetype2/tmp/freetype-2.10.0/include/freetype/ftsystem.h /home/tom/projects/external/android-freetype2/tmp/freetype-2.10.0/include/freetype/ftfntfmt.h /home/tom/projects/external/android-freetype2/tmp/freetype-2.10.0/include/freetype/ftsynth.h /home/tom/projects/external/android-freetype2/tmp/freetype-2.10.0/include/freetype/fttrigon.h /home/tom/projects/external/android-freetype2/tmp/freetype-2.10.0/include/freetype/ftpfr.h /home/tom/projects/external/android-freetype2/tmp/freetype-2.10.0/include/freetype/ftsizes.h /home/tom/projects/external/android-freetype2/tmp/freetype-2.10.0/include/freetype/ftrender.h /home/tom/projects/external/android-freetype2/tmp/freetype-2.10.0/include/freetype/ftlzw.h /home/tom/projects/external/android-freetype2/tmp/freetype-2.10.0/include/freetype/ftbzip2.h /home/tom/projects/external/android-freetype2/tmp/freetype-2.10.0/include/freetype/ftlist.h /home/tom/projects/external/android-freetype2/tmp/freetype-2.10.0/include/freetype/ftincrem.h /home/tom/projects/external/android-freetype2/tmp/freetype-2.10.0/include/freetype/ftchapters.h /home/tom/projects/external/android-freetype2/tmp/freetype-2.10.0/include/freetype/ftbdf.h /home/tom/projects/external/android-freetype2/tmp/freetype-2.10.0/include/freetype/ftcache.h /home/tom/projects/external/android-freetype2/tmp/freetype-2.10.0/include/freetype/ttnameid.h /home/tom/projects/external/android-freetype2/tmp/freetype-2.10.0/include/freetype/ftgzip.h /home/tom/projects/external/android-freetype2/tmp/freetype-2.10.0/include/freetype/ftdriver.h /home/tom/projects/external/android-freetype2/tmp/freetype-2.10.0/include/freetype/fttypes.h /home/tom/projects/external/android-freetype2/tmp/freetype-2.10.0/include/freetype/ftwinfnt.h /home/tom/projects/external/android-freetype2/tmp/freetype-2.10.0/include/freetype/freetype.h /home/tom/projects/external/android-freetype2/tmp/freetype-2.10.0/include/freetype/ftcolor.h /home/tom/projects/external/android-freetype2/tmp/freetype-2.10.0/include/freetype/ftbbox.h /home/tom/projects/external/android-freetype2/tmp/freetype-2.10.0/include/freetype/ftmm.h /home/tom/projects/external/android-freetype2/tmp/freetype-2.10.0/include/freetype/ftadvanc.h /home/tom/projects/external/android-freetype2/tmp/freetype-2.10.0/include/freetype/ftmoderr.h /home/tom/projects/external/android-freetype2/tmp/freetype-2.10.0/include/freetype/ftgasp.h /home/tom/projects/external/android-freetype2/tmp/freetype-2.10.0/include/freetype/ftgxval.h /home/tom/projects/external/android-freetype2/tmp/freetype-2.10.0/include/freetype/ftsnames.h /home/tom/projects/external/android-freetype2/tmp/freetype-2.10.0/include/freetype/tttags.h /home/tom/projects/external/android-freetype2/tmp/freetype-2.10.0/include/freetype/ftotval.h /home/tom/projects/external/android-freetype2/tmp/freetype-2.10.0/include/freetype/fterrdef.h /home/tom/projects/external/android-freetype2/tmp/freetype-2.10.0/include/freetype/ftimage.h
./builds/unix/libtool --mode=link arm-linux-androideabi-gcc -o /home/tom/projects/external/android-freetype2/tmp/freetype-2.10.0/objs/libfreetype.la  /home/tom/projects/external/android-freetype2/tmp/freetype-2.10.0/objs/ftsystem.lo /home/tom/projects/external/android-freetype2/tmp/freetype-2.10.0/objs/ftdebug.lo /home/tom/projects/external/android-freetype2/tmp/freetype-2.10.0/objs/ftinit.lo /home/tom/projects/external/android-freetype2/tmp/freetype-2.10.0/objs/ftbase.lo /home/tom/projects/external/android-freetype2/tmp/freetype-2.10.0/objs/ftbbox.lo /home/tom/projects/external/android-freetype2/tmp/freetype-2.10.0/objs/ftbdf.lo /home/tom/projects/external/android-freetype2/tmp/freetype-2.10.0/objs/ftbitmap.lo /home/tom/projects/external/android-freetype2/tmp/freetype-2.10.0/objs/ftcid.lo /home/tom/projects/external/android-freetype2/tmp/freetype-2.10.0/objs/ftfstype.lo /home/tom/projects/external/android-freetype2/tmp/freetype-2.10.0/objs/ftgasp.lo /home/tom/projects/external/android-freetype2/tmp/freetype-2.10.0/objs/ftglyph.lo /home/tom/projects/external/android-freetype2/tmp/freetype-2.10.0/objs/ftgxval.lo /home/tom/projects/external/android-freetype2/tmp/freetype-2.10.0/objs/ftmm.lo /home/tom/projects/external/android-freetype2/tmp/freetype-2.10.0/objs/ftotval.lo /home/tom/projects/external/android-freetype2/tmp/freetype-2.10.0/objs/ftpatent.lo /home/tom/projects/external/android-freetype2/tmp/freetype-2.10.0/objs/ftpfr.lo /home/tom/projects/external/android-freetype2/tmp/freetype-2.10.0/objs/ftstroke.lo /home/tom/projects/external/android-freetype2/tmp/freetype-2.10.0/objs/ftsynth.lo /home/tom/projects/external/android-freetype2/tmp/freetype-2.10.0/objs/fttype1.lo /home/tom/projects/external/android-freetype2/tmp/freetype-2.10.0/objs/ftwinfnt.lo /home/tom/projects/external/android-freetype2/tmp/freetype-2.10.0/objs/truetype.lo /home/tom/projects/external/android-freetype2/tmp/freetype-2.10.0/objs/type1.lo /home/tom/projects/external/android-freetype2/tmp/freetype-2.10.0/objs/cff.lo /home/tom/projects/external/android-freetype2/tmp/freetype-2.10.0/objs/type1cid.lo /home/tom/projects/external/android-freetype2/tmp/freetype-2.10.0/objs/pfr.lo /home/tom/projects/external/android-freetype2/tmp/freetype-2.10.0/objs/type42.lo /home/tom/projects/external/android-freetype2/tmp/freetype-2.10.0/objs/winfnt.lo /home/tom/projects/external/android-freetype2/tmp/freetype-2.10.0/objs/pcf.lo /home/tom/projects/external/android-freetype2/tmp/freetype-2.10.0/objs/bdf.lo /home/tom/projects/external/android-freetype2/tmp/freetype-2.10.0/objs/sfnt.lo /home/tom/projects/external/android-freetype2/tmp/freetype-2.10.0/objs/autofit.lo /home/tom/projects/external/android-freetype2/tmp/freetype-2.10.0/objs/pshinter.lo /home/tom/projects/external/android-freetype2/tmp/freetype-2.10.0/objs/raster.lo /home/tom/projects/external/android-freetype2/tmp/freetype-2.10.0/objs/smooth.lo /home/tom/projects/external/android-freetype2/tmp/freetype-2.10.0/objs/ftcache.lo /home/tom/projects/external/android-freetype2/tmp/freetype-2.10.0/objs/ftgzip.lo /home/tom/projects/external/android-freetype2/tmp/freetype-2.10.0/objs/ftlzw.lo /home/tom/projects/external/android-freetype2/tmp/freetype-2.10.0/objs/ftbzip2.lo /home/tom/projects/external/android-freetype2/tmp/freetype-2.10.0/objs/psaux.lo /home/tom/projects/external/android-freetype2/tmp/freetype-2.10.0/objs/psnames.lo -rpath /freetype/lib -version-info 23:0:17 -pie -no-undefined -export-symbols /home/tom/projects/external/android-freetype2/tmp/freetype-2.10.0/objs/ftexport.sym
libtool: link: echo "{ global:" > /home/tom/projects/external/android-freetype2/tmp/freetype-2.10.0/objs/.libs/libfreetype.ver
libtool: link:  cat /home/tom/projects/external/android-freetype2/tmp/freetype-2.10.0/objs/ftexport.sym | sed -e "s/\(.*\)/\1;/" >> /home/tom/projects/external/android-freetype2/tmp/freetype-2.10.0/objs/.libs/libfreetype.ver
libtool: link:  echo "local: *; };" >> /home/tom/projects/external/android-freetype2/tmp/freetype-2.10.0/objs/.libs/libfreetype.ver
libtool: link:  arm-linux-androideabi-gcc -shared  -fPIC -DPIC  /home/tom/projects/external/android-freetype2/tmp/freetype-2.10.0/objs/.libs/ftsystem.o /home/tom/projects/external/android-freetype2/tmp/freetype-2.10.0/objs/.libs/ftdebug.o /home/tom/projects/external/android-freetype2/tmp/freetype-2.10.0/objs/.libs/ftinit.o /home/tom/projects/external/android-freetype2/tmp/freetype-2.10.0/objs/.libs/ftbase.o /home/tom/projects/external/android-freetype2/tmp/freetype-2.10.0/objs/.libs/ftbbox.o /home/tom/projects/external/android-freetype2/tmp/freetype-2.10.0/objs/.libs/ftbdf.o /home/tom/projects/external/android-freetype2/tmp/freetype-2.10.0/objs/.libs/ftbitmap.o /home/tom/projects/external/android-freetype2/tmp/freetype-2.10.0/objs/.libs/ftcid.o /home/tom/projects/external/android-freetype2/tmp/freetype-2.10.0/objs/.libs/ftfstype.o /home/tom/projects/external/android-freetype2/tmp/freetype-2.10.0/objs/.libs/ftgasp.o /home/tom/projects/external/android-freetype2/tmp/freetype-2.10.0/objs/.libs/ftglyph.o /home/tom/projects/external/android-freetype2/tmp/freetype-2.10.0/objs/.libs/ftgxval.o /home/tom/projects/external/android-freetype2/tmp/freetype-2.10.0/objs/.libs/ftmm.o /home/tom/projects/external/android-freetype2/tmp/freetype-2.10.0/objs/.libs/ftotval.o /home/tom/projects/external/android-freetype2/tmp/freetype-2.10.0/objs/.libs/ftpatent.o /home/tom/projects/external/android-freetype2/tmp/freetype-2.10.0/objs/.libs/ftpfr.o /home/tom/projects/external/android-freetype2/tmp/freetype-2.10.0/objs/.libs/ftstroke.o /home/tom/projects/external/android-freetype2/tmp/freetype-2.10.0/objs/.libs/ftsynth.o /home/tom/projects/external/android-freetype2/tmp/freetype-2.10.0/objs/.libs/fttype1.o /home/tom/projects/external/android-freetype2/tmp/freetype-2.10.0/objs/.libs/ftwinfnt.o /home/tom/projects/external/android-freetype2/tmp/freetype-2.10.0/objs/.libs/truetype.o /home/tom/projects/external/android-freetype2/tmp/freetype-2.10.0/objs/.libs/type1.o /home/tom/projects/external/android-freetype2/tmp/freetype-2.10.0/objs/.libs/cff.o /home/tom/projects/external/android-freetype2/tmp/freetype-2.10.0/objs/.libs/type1cid.o /home/tom/projects/external/android-freetype2/tmp/freetype-2.10.0/objs/.libs/pfr.o /home/tom/projects/external/android-freetype2/tmp/freetype-2.10.0/objs/.libs/type42.o /home/tom/projects/external/android-freetype2/tmp/freetype-2.10.0/objs/.libs/winfnt.o /home/tom/projects/external/android-freetype2/tmp/freetype-2.10.0/objs/.libs/pcf.o /home/tom/projects/external/android-freetype2/tmp/freetype-2.10.0/objs/.libs/bdf.o /home/tom/projects/external/android-freetype2/tmp/freetype-2.10.0/objs/.libs/sfnt.o /home/tom/projects/external/android-freetype2/tmp/freetype-2.10.0/objs/.libs/autofit.o /home/tom/projects/external/android-freetype2/tmp/freetype-2.10.0/objs/.libs/pshinter.o /home/tom/projects/external/android-freetype2/tmp/freetype-2.10.0/objs/.libs/raster.o /home/tom/projects/external/android-freetype2/tmp/freetype-2.10.0/objs/.libs/smooth.o /home/tom/projects/external/android-freetype2/tmp/freetype-2.10.0/objs/.libs/ftcache.o /home/tom/projects/external/android-freetype2/tmp/freetype-2.10.0/objs/.libs/ftgzip.o /home/tom/projects/external/android-freetype2/tmp/freetype-2.10.0/objs/.libs/ftlzw.o /home/tom/projects/external/android-freetype2/tmp/freetype-2.10.0/objs/.libs/ftbzip2.o /home/tom/projects/external/android-freetype2/tmp/freetype-2.10.0/objs/.libs/psaux.o /home/tom/projects/external/android-freetype2/tmp/freetype-2.10.0/objs/.libs/psnames.o      -Wl,-soname -Wl,libfreetype.so -Wl,-version-script -Wl,/home/tom/projects/external/android-freetype2/tmp/freetype-2.10.0/objs/.libs/libfreetype.ver -o /home/tom/projects/external/android-freetype2/tmp/freetype-2.10.0/objs/.libs/libfreetype.so
libtool: link: arm-linux-androideabi-ar cru /home/tom/projects/external/android-freetype2/tmp/freetype-2.10.0/objs/.libs/libfreetype.a  /home/tom/projects/external/android-freetype2/tmp/freetype-2.10.0/objs/ftsystem.o /home/tom/projects/external/android-freetype2/tmp/freetype-2.10.0/objs/ftdebug.o /home/tom/projects/external/android-freetype2/tmp/freetype-2.10.0/objs/ftinit.o /home/tom/projects/external/android-freetype2/tmp/freetype-2.10.0/objs/ftbase.o /home/tom/projects/external/android-freetype2/tmp/freetype-2.10.0/objs/ftbbox.o /home/tom/projects/external/android-freetype2/tmp/freetype-2.10.0/objs/ftbdf.o /home/tom/projects/external/android-freetype2/tmp/freetype-2.10.0/objs/ftbitmap.o /home/tom/projects/external/android-freetype2/tmp/freetype-2.10.0/objs/ftcid.o /home/tom/projects/external/android-freetype2/tmp/freetype-2.10.0/objs/ftfstype.o /home/tom/projects/external/android-freetype2/tmp/freetype-2.10.0/objs/ftgasp.o /home/tom/projects/external/android-freetype2/tmp/freetype-2.10.0/objs/ftglyph.o /home/tom/projects/external/android-freetype2/tmp/freetype-2.10.0/objs/ftgxval.o /home/tom/projects/external/android-freetype2/tmp/freetype-2.10.0/objs/ftmm.o /home/tom/projects/external/android-freetype2/tmp/freetype-2.10.0/objs/ftotval.o /home/tom/projects/external/android-freetype2/tmp/freetype-2.10.0/objs/ftpatent.o /home/tom/projects/external/android-freetype2/tmp/freetype-2.10.0/objs/ftpfr.o /home/tom/projects/external/android-freetype2/tmp/freetype-2.10.0/objs/ftstroke.o /home/tom/projects/external/android-freetype2/tmp/freetype-2.10.0/objs/ftsynth.o /home/tom/projects/external/android-freetype2/tmp/freetype-2.10.0/objs/fttype1.o /home/tom/projects/external/android-freetype2/tmp/freetype-2.10.0/objs/ftwinfnt.o /home/tom/projects/external/android-freetype2/tmp/freetype-2.10.0/objs/truetype.o /home/tom/projects/external/android-freetype2/tmp/freetype-2.10.0/objs/type1.o /home/tom/projects/external/android-freetype2/tmp/freetype-2.10.0/objs/cff.o /home/tom/projects/external/android-freetype2/tmp/freetype-2.10.0/objs/type1cid.o /home/tom/projects/external/android-freetype2/tmp/freetype-2.10.0/objs/pfr.o /home/tom/projects/external/android-freetype2/tmp/freetype-2.10.0/objs/type42.o /home/tom/projects/external/android-freetype2/tmp/freetype-2.10.0/objs/winfnt.o /home/tom/projects/external/android-freetype2/tmp/freetype-2.10.0/objs/pcf.o /home/tom/projects/external/android-freetype2/tmp/freetype-2.10.0/objs/bdf.o /home/tom/projects/external/android-freetype2/tmp/freetype-2.10.0/objs/sfnt.o /home/tom/projects/external/android-freetype2/tmp/freetype-2.10.0/objs/autofit.o /home/tom/projects/external/android-freetype2/tmp/freetype-2.10.0/objs/pshinter.o /home/tom/projects/external/android-freetype2/tmp/freetype-2.10.0/objs/raster.o /home/tom/projects/external/android-freetype2/tmp/freetype-2.10.0/objs/smooth.o /home/tom/projects/external/android-freetype2/tmp/freetype-2.10.0/objs/ftcache.o /home/tom/projects/external/android-freetype2/tmp/freetype-2.10.0/objs/ftgzip.o /home/tom/projects/external/android-freetype2/tmp/freetype-2.10.0/objs/ftlzw.o /home/tom/projects/external/android-freetype2/tmp/freetype-2.10.0/objs/ftbzip2.o /home/tom/projects/external/android-freetype2/tmp/freetype-2.10.0/objs/psaux.o /home/tom/projects/external/android-freetype2/tmp/freetype-2.10.0/objs/psnames.o
libtool: link: arm-linux-androideabi-ranlib /home/tom/projects/external/android-freetype2/tmp/freetype-2.10.0/objs/.libs/libfreetype.a
libtool: link: ( cd "/home/tom/projects/external/android-freetype2/tmp/freetype-2.10.0/objs/.libs" && rm -f "libfreetype.la" && ln -s "../libfreetype.la" "libfreetype.la" )
rm -f builds/unix/freetype-config builds/unix/freetype-config.tmp
sed -e 's|%LIBSSTATIC_CONFIG%|-lfreetype|'   \
    -e 's|%PKG_CONFIG%|/usr/bin/pkg-config|'                 \
    -e 's|%build_libtool_libs%||' \
    -e 's|%exec_prefix%|/freetype|'               \
    -e 's|%ft_version%|23.0.17|'                 \
    -e 's|%includedir%|/freetype/include|'                 \
    -e 's|%libdir%|/freetype/lib|'                         \
    -e 's|%prefix%|/freetype|'                         \
    /home/tom/projects/external/android-freetype2/tmp/freetype-2.10.0/builds/unix/freetype-config.in                                                 \
    > builds/unix/freetype-config.tmp
chmod +x builds/unix/freetype-config.tmp
chmod go-w builds/unix/freetype-config.tmp
mv builds/unix/freetype-config.tmp builds/unix/freetype-config
rm -f builds/unix/freetype2.pc builds/unix/freetype2.pc.tmp
sed -e 's|%REQUIRES_PRIVATE%||'     \
    -e 's|%LIBS_PRIVATE%||'             \
    -e 's|%build_libtool_libs%||' \
    -e 's|%exec_prefix%|/freetype|'             \
    -e 's|%ft_version%|23.0.17|'                 \
    -e 's|%includedir%|/freetype/include|'               \
    -e 's|%libdir%|/freetype/lib|'                       \
    -e 's|%prefix%|/freetype|'                       \
    /home/tom/projects/external/android-freetype2/tmp/freetype-2.10.0/builds/unix/freetype2.in                                                 \
    > builds/unix/freetype2.pc.tmp
chmod a-w builds/unix/freetype2.pc.tmp
mv builds/unix/freetype2.pc.tmp builds/unix/freetype2.pc
[tom@localhost freetype-2.10.0]$ 

